-- The C compiler identification is GNU 11.4.0
-- The CXX compiler identification is GNU 11.4.0
-- Detecting C compiler ABI info
-- Detecting C compiler ABI info - done
-- Check for working C compiler: /usr/bin/cc - skipped
-- Detecting C compile features
-- Detecting C compile features - done
-- Detecting CXX compiler ABI info
-- Detecting CXX compiler ABI info - done
-- Check for working CXX compiler: /usr/bin/c++ - skipped
-- Detecting CXX compile features
-- Detecting CXX compile features - done
-- Found ament_cmake: 1.3.14 (/opt/ros/humble/share/ament_cmake/cmake)
-- Found Python3: /usr/bin/python3 (found version "3.10.12") found components: Interpreter
-- Found rosidl_default_generators: 1.2.1 (/opt/ros/humble/share/rosidl_default_generators/cmake)
-- Using all available rosidl_typesupport_c: rosidl_typesupport_fastrtps_c;rosidl_typesupport_introspection_c
-- Found rosidl_adapter: 3.1.8 (/opt/ros/humble/share/rosidl_adapter/cmake)
-- Using all available rosidl_typesupport_cpp: rosidl_typesupport_fastrtps_cpp;rosidl_typesupport_introspection_cpp
-- Found geometry_msgs: 4.9.2 (/opt/ros/humble/share/geometry_msgs/cmake)
-- Found ament_cmake_ros: 0.10.0 (/opt/ros/humble/share/ament_cmake_ros/cmake)
-- Using all available rosidl_typesupport_c: rosidl_typesupport_fastrtps_c;rosidl_typesupport_introspection_c
-- Using all available rosidl_typesupport_cpp: rosidl_typesupport_fastrtps_cpp;rosidl_typesupport_introspection_cpp
-- Found PythonInterp: /usr/bin/python3 (found suitable version "3.10.12", minimum required is "3.6")
-- Found python_cmake_module: 0.10.0 (/opt/ros/humble/share/python_cmake_module/cmake)
-- Found PythonLibs: /usr/lib/x86_64-linux-gnu/libpython3.10.so (found suitable version "3.10.12", minimum required is "3.5")
-- Using PYTHON_EXECUTABLE: /usr/bin/python3
-- Using PYTHON_INCLUDE_DIRS: /usr/include/python3.10
-- Using PYTHON_LIBRARIES: /usr/lib/x86_64-linux-gnu/libpython3.10.so
-- Found PythonExtra: .so
-- Found ament_lint_auto: 0.12.15 (/opt/ros/humble/share/ament_lint_auto/cmake)
-- Added test 'lint_cmake' to check CMake code style
-- Added test 'xmllint' to check XML markup files
-- Configuring done (1.9s)
-- Generating done (0.0s)
-- Build files have been written to: /home/yezi/ros2/chapt4/chapt4_ws/build/example_ros_interfaces
[  2%] [1m[34mGenerating C code for ROS interfaces[0m
[  4%] [1m[34mGenerating Rust code for ROS interfaces[0m
[  6%] [1m[34mGenerating C++ code for ROS interfaces[0m
[  6%] Built target ament_cmake_python_copy_example_ros_interfaces
[  6%] Built target example_ros_interfaces__rs
running egg_info
creating example_ros_interfaces.egg-info
writing example_ros_interfaces.egg-info/PKG-INFO
writing dependency_links to example_ros_interfaces.egg-info/dependency_links.txt
writing top-level names to example_ros_interfaces.egg-info/top_level.txt
writing manifest file 'example_ros_interfaces.egg-info/SOURCES.txt'
reading manifest file 'example_ros_interfaces.egg-info/SOURCES.txt'
writing manifest file 'example_ros_interfaces.egg-info/SOURCES.txt'
[  6%] Built target ament_cmake_python_build_example_ros_interfaces_egg
[ 12%] [32mBuilding C object CMakeFiles/example_ros_interfaces__rosidl_generator_c.dir/rosidl_generator_c/example_ros_interfaces/msg/detail/robot_status__functions.c.o[0m
[ 12%] [32mBuilding C object CMakeFiles/example_ros_interfaces__rosidl_generator_c.dir/rosidl_generator_c/example_ros_interfaces/msg/detail/robot_pose__functions.c.o[0m
[ 12%] [32mBuilding C object CMakeFiles/example_ros_interfaces__rosidl_generator_c.dir/rosidl_generator_c/example_ros_interfaces/srv/detail/move_robot__functions.c.o[0m
[ 12%] Built target example_ros_interfaces__cpp
[ 16%] [1m[34mGenerating C++ type support for eProsima Fast-RTPS[0m
[ 16%] [1m[34mGenerating C++ introspection for ROS interfaces[0m
[ 18%] [1m[34mGenerating C++ type support dispatch for ROS interfaces[0m
[ 20%] [1m[32mLinking C shared library libexample_ros_interfaces__rosidl_generator_c.so[0m
[ 20%] Built target example_ros_interfaces__rosidl_generator_c
[ 22%] [1m[34mGenerating C introspection for ROS interfaces[0m
[ 25%] [1m[34mGenerating C type support dispatch for ROS interfaces[0m
[ 27%] [1m[34mGenerating C type support for eProsima Fast-RTPS[0m
[ 29%] [32mBuilding CXX object CMakeFiles/example_ros_interfaces__rosidl_typesupport_cpp.dir/rosidl_typesupport_cpp/example_ros_interfaces/msg/robot_status__type_support.cpp.o[0m
[ 31%] [32mBuilding CXX object CMakeFiles/example_ros_interfaces__rosidl_typesupport_cpp.dir/rosidl_typesupport_cpp/example_ros_interfaces/msg/robot_pose__type_support.cpp.o[0m
[ 33%] [32mBuilding CXX object CMakeFiles/example_ros_interfaces__rosidl_typesupport_cpp.dir/rosidl_typesupport_cpp/example_ros_interfaces/srv/move_robot__type_support.cpp.o[0m
[ 35%] [32mBuilding CXX object CMakeFiles/example_ros_interfaces__rosidl_typesupport_introspection_cpp.dir/rosidl_typesupport_introspection_cpp/example_ros_interfaces/msg/detail/robot_pose__type_support.cpp.o[0m
[ 37%] [32mBuilding CXX object CMakeFiles/example_ros_interfaces__rosidl_typesupport_fastrtps_cpp.dir/rosidl_typesupport_fastrtps_cpp/example_ros_interfaces/msg/detail/dds_fastrtps/robot_pose__type_support.cpp.o[0m
[ 39%] [32mBuilding CXX object CMakeFiles/example_ros_interfaces__rosidl_typesupport_c.dir/rosidl_typesupport_c/example_ros_interfaces/msg/robot_pose__type_support.cpp.o[0m
[ 41%] [32mBuilding CXX object CMakeFiles/example_ros_interfaces__rosidl_typesupport_c.dir/rosidl_typesupport_c/example_ros_interfaces/msg/robot_status__type_support.cpp.o[0m
[ 43%] [32mBuilding C object CMakeFiles/example_ros_interfaces__rosidl_typesupport_introspection_c.dir/rosidl_typesupport_introspection_c/example_ros_interfaces/msg/detail/robot_pose__type_support.c.o[0m
[ 45%] [32mBuilding CXX object CMakeFiles/example_ros_interfaces__rosidl_typesupport_c.dir/rosidl_typesupport_c/example_ros_interfaces/srv/move_robot__type_support.cpp.o[0m
[ 47%] [32mBuilding CXX object CMakeFiles/example_ros_interfaces__rosidl_typesupport_fastrtps_c.dir/rosidl_typesupport_fastrtps_c/example_ros_interfaces/msg/detail/robot_pose__type_support_c.cpp.o[0m
[ 50%] [32mBuilding C object CMakeFiles/example_ros_interfaces__rosidl_typesupport_introspection_c.dir/rosidl_typesupport_introspection_c/example_ros_interfaces/msg/detail/robot_status__type_support.c.o[0m
[ 52%] [1m[32mLinking CXX shared library libexample_ros_interfaces__rosidl_typesupport_c.so[0m
[ 54%] [32mBuilding CXX object CMakeFiles/example_ros_interfaces__rosidl_typesupport_introspection_cpp.dir/rosidl_typesupport_introspection_cpp/example_ros_interfaces/msg/detail/robot_status__type_support.cpp.o[0m
[ 56%] [32mBuilding C object CMakeFiles/example_ros_interfaces__rosidl_typesupport_introspection_c.dir/rosidl_typesupport_introspection_c/example_ros_interfaces/srv/detail/move_robot__type_support.c.o[0m
[ 58%] [32mBuilding CXX object CMakeFiles/example_ros_interfaces__rosidl_typesupport_fastrtps_cpp.dir/rosidl_typesupport_fastrtps_cpp/example_ros_interfaces/msg/detail/dds_fastrtps/robot_status__type_support.cpp.o[0m
[ 60%] [1m[32mLinking CXX shared library libexample_ros_interfaces__rosidl_typesupport_cpp.so[0m
[ 60%] Built target example_ros_interfaces__rosidl_typesupport_c
[ 62%] [32mBuilding CXX object CMakeFiles/example_ros_interfaces__rosidl_typesupport_fastrtps_c.dir/rosidl_typesupport_fastrtps_c/example_ros_interfaces/msg/detail/robot_status__type_support_c.cpp.o[0m
[ 64%] [1m[32mLinking C shared library libexample_ros_interfaces__rosidl_typesupport_introspection_c.so[0m
[ 64%] Built target example_ros_interfaces__rosidl_typesupport_cpp
[ 66%] [32mBuilding CXX object CMakeFiles/example_ros_interfaces__rosidl_typesupport_introspection_cpp.dir/rosidl_typesupport_introspection_cpp/example_ros_interfaces/srv/detail/move_robot__type_support.cpp.o[0m
[ 66%] Built target example_ros_interfaces__rosidl_typesupport_introspection_c
[ 68%] [32mBuilding CXX object CMakeFiles/example_ros_interfaces__rosidl_typesupport_fastrtps_cpp.dir/rosidl_typesupport_fastrtps_cpp/example_ros_interfaces/srv/detail/dds_fastrtps/move_robot__type_support.cpp.o[0m
[ 70%] [32mBuilding CXX object CMakeFiles/example_ros_interfaces__rosidl_typesupport_fastrtps_c.dir/rosidl_typesupport_fastrtps_c/example_ros_interfaces/srv/detail/move_robot__type_support_c.cpp.o[0m
[ 72%] [1m[32mLinking CXX shared library libexample_ros_interfaces__rosidl_typesupport_introspection_cpp.so[0m
[ 75%] [1m[32mLinking CXX shared library libexample_ros_interfaces__rosidl_typesupport_fastrtps_c.so[0m
[ 77%] [1m[32mLinking CXX shared library libexample_ros_interfaces__rosidl_typesupport_fastrtps_cpp.so[0m
[ 77%] Built target example_ros_interfaces__rosidl_typesupport_introspection_cpp
[ 77%] Built target example_ros_interfaces__rosidl_typesupport_fastrtps_cpp
[ 77%] Built target example_ros_interfaces__rosidl_typesupport_fastrtps_c
[ 77%] Built target example_ros_interfaces
[ 79%] [1m[34mGenerating Python code for ROS interfaces[0m
[ 79%] Built target example_ros_interfaces__py
[ 81%] [32mBuilding C object CMakeFiles/example_ros_interfaces__rosidl_generator_py.dir/rosidl_generator_py/example_ros_interfaces/msg/_robot_pose_s.c.o[0m
[ 83%] [32mBuilding C object CMakeFiles/example_ros_interfaces__rosidl_generator_py.dir/rosidl_generator_py/example_ros_interfaces/msg/_robot_status_s.c.o[0m
[ 85%] [32mBuilding C object CMakeFiles/example_ros_interfaces__rosidl_generator_py.dir/rosidl_generator_py/example_ros_interfaces/srv/_move_robot_s.c.o[0m
[ 87%] [1m[32mLinking C shared library rosidl_generator_py/example_ros_interfaces/libexample_ros_interfaces__rosidl_generator_py.so[0m
[ 87%] Built target example_ros_interfaces__rosidl_generator_py
[ 91%] [32mBuilding C object CMakeFiles/example_ros_interfaces__rosidl_typesupport_fastrtps_c__pyext.dir/rosidl_generator_py/example_ros_interfaces/_example_ros_interfaces_s.ep.rosidl_typesupport_fastrtps_c.c.o[0m
[ 91%] [32mBuilding C object CMakeFiles/example_ros_interfaces__rosidl_typesupport_introspection_c__pyext.dir/rosidl_generator_py/example_ros_interfaces/_example_ros_interfaces_s.ep.rosidl_typesupport_introspection_c.c.o[0m
[ 93%] [32mBuilding C object CMakeFiles/example_ros_interfaces__rosidl_typesupport_c__pyext.dir/rosidl_generator_py/example_ros_interfaces/_example_ros_interfaces_s.ep.rosidl_typesupport_c.c.o[0m
[ 95%] [1m[32mLinking C shared library rosidl_generator_py/example_ros_interfaces/example_ros_interfaces_s__rosidl_typesupport_introspection_c.cpython-310-x86_64-linux-gnu.so[0m
[ 97%] [1m[32mLinking C shared library rosidl_generator_py/example_ros_interfaces/example_ros_interfaces_s__rosidl_typesupport_fastrtps_c.cpython-310-x86_64-linux-gnu.so[0m
[100%] [1m[32mLinking C shared library rosidl_generator_py/example_ros_interfaces/example_ros_interfaces_s__rosidl_typesupport_c.cpython-310-x86_64-linux-gnu.so[0m
[100%] Built target example_ros_interfaces__rosidl_typesupport_introspection_c__pyext
[100%] Built target example_ros_interfaces__rosidl_typesupport_fastrtps_c__pyext
[100%] Built target example_ros_interfaces__rosidl_typesupport_c__pyext
-- Install configuration: ""
-- Installing: /home/yezi/ros2/chapt4/chapt4_ws/install/example_ros_interfaces/share/ament_index/resource_index/rosidl_interfaces/example_ros_interfaces
-- Installing: /home/yezi/ros2/chapt4/chapt4_ws/install/example_ros_interfaces/include/example_ros_interfaces/example_ros_interfaces
-- Installing: /home/yezi/ros2/chapt4/chapt4_ws/install/example_ros_interfaces/include/example_ros_interfaces/example_ros_interfaces/srv
-- Installing: /home/yezi/ros2/chapt4/chapt4_ws/install/example_ros_interfaces/include/example_ros_interfaces/example_ros_interfaces/srv/move_robot.h
-- Installing: /home/yezi/ros2/chapt4/chapt4_ws/install/example_ros_interfaces/include/example_ros_interfaces/example_ros_interfaces/srv/detail
-- Installing: /home/yezi/ros2/chapt4/chapt4_ws/install/example_ros_interfaces/include/example_ros_interfaces/example_ros_interfaces/srv/detail/move_robot__struct.h
-- Installing: /home/yezi/ros2/chapt4/chapt4_ws/install/example_ros_interfaces/include/example_ros_interfaces/example_ros_interfaces/srv/detail/move_robot__functions.c
-- Installing: /home/yezi/ros2/chapt4/chapt4_ws/install/example_ros_interfaces/include/example_ros_interfaces/example_ros_interfaces/srv/detail/move_robot__type_support.h
-- Installing: /home/yezi/ros2/chapt4/chapt4_ws/install/example_ros_interfaces/include/example_ros_interfaces/example_ros_interfaces/srv/detail/move_robot__functions.h
-- Installing: /home/yezi/ros2/chapt4/chapt4_ws/install/example_ros_interfaces/include/example_ros_interfaces/example_ros_interfaces/msg
-- Installing: /home/yezi/ros2/chapt4/chapt4_ws/install/example_ros_interfaces/include/example_ros_interfaces/example_ros_interfaces/msg/rosidl_generator_c__visibility_control.h
-- Installing: /home/yezi/ros2/chapt4/chapt4_ws/install/example_ros_interfaces/include/example_ros_interfaces/example_ros_interfaces/msg/robot_status.h
-- Installing: /home/yezi/ros2/chapt4/chapt4_ws/install/example_ros_interfaces/include/example_ros_interfaces/example_ros_interfaces/msg/robot_pose.h
-- Installing: /home/yezi/ros2/chapt4/chapt4_ws/install/example_ros_interfaces/include/example_ros_interfaces/example_ros_interfaces/msg/detail
-- Installing: /home/yezi/ros2/chapt4/chapt4_ws/install/example_ros_interfaces/include/example_ros_interfaces/example_ros_interfaces/msg/detail/robot_status__struct.h
-- Installing: /home/yezi/ros2/chapt4/chapt4_ws/install/example_ros_interfaces/include/example_ros_interfaces/example_ros_interfaces/msg/detail/robot_status__functions.c
-- Installing: /home/yezi/ros2/chapt4/chapt4_ws/install/example_ros_interfaces/include/example_ros_interfaces/example_ros_interfaces/msg/detail/robot_pose__type_support.h
-- Installing: /home/yezi/ros2/chapt4/chapt4_ws/install/example_ros_interfaces/include/example_ros_interfaces/example_ros_interfaces/msg/detail/robot_pose__functions.c
-- Installing: /home/yezi/ros2/chapt4/chapt4_ws/install/example_ros_interfaces/include/example_ros_interfaces/example_ros_interfaces/msg/detail/robot_pose__functions.h
-- Installing: /home/yezi/ros2/chapt4/chapt4_ws/install/example_ros_interfaces/include/example_ros_interfaces/example_ros_interfaces/msg/detail/robot_status__type_support.h
-- Installing: /home/yezi/ros2/chapt4/chapt4_ws/install/example_ros_interfaces/include/example_ros_interfaces/example_ros_interfaces/msg/detail/robot_status__functions.h
-- Installing: /home/yezi/ros2/chapt4/chapt4_ws/install/example_ros_interfaces/include/example_ros_interfaces/example_ros_interfaces/msg/detail/robot_pose__struct.h
-- Installing: /home/yezi/ros2/chapt4/chapt4_ws/install/example_ros_interfaces/share/example_ros_interfaces/environment/library_path.sh
-- Installing: /home/yezi/ros2/chapt4/chapt4_ws/install/example_ros_interfaces/share/example_ros_interfaces/environment/library_path.dsv
-- Installing: /home/yezi/ros2/chapt4/chapt4_ws/install/example_ros_interfaces/lib/libexample_ros_interfaces__rosidl_generator_c.so
-- Set non-toolchain portion of runtime path of "/home/yezi/ros2/chapt4/chapt4_ws/install/example_ros_interfaces/lib/libexample_ros_interfaces__rosidl_generator_c.so" to ""
-- Up-to-date: /home/yezi/ros2/chapt4/chapt4_ws/install/example_ros_interfaces/include/example_ros_interfaces/example_ros_interfaces
-- Up-to-date: /home/yezi/ros2/chapt4/chapt4_ws/install/example_ros_interfaces/include/example_ros_interfaces/example_ros_interfaces/srv
-- Up-to-date: /home/yezi/ros2/chapt4/chapt4_ws/install/example_ros_interfaces/include/example_ros_interfaces/example_ros_interfaces/srv/detail
-- Installing: /home/yezi/ros2/chapt4/chapt4_ws/install/example_ros_interfaces/include/example_ros_interfaces/example_ros_interfaces/srv/detail/move_robot__rosidl_typesupport_fastrtps_c.h
-- Up-to-date: /home/yezi/ros2/chapt4/chapt4_ws/install/example_ros_interfaces/include/example_ros_interfaces/example_ros_interfaces/msg
-- Installing: /home/yezi/ros2/chapt4/chapt4_ws/install/example_ros_interfaces/include/example_ros_interfaces/example_ros_interfaces/msg/rosidl_typesupport_fastrtps_c__visibility_control.h
-- Up-to-date: /home/yezi/ros2/chapt4/chapt4_ws/install/example_ros_interfaces/include/example_ros_interfaces/example_ros_interfaces/msg/detail
-- Installing: /home/yezi/ros2/chapt4/chapt4_ws/install/example_ros_interfaces/include/example_ros_interfaces/example_ros_interfaces/msg/detail/robot_pose__rosidl_typesupport_fastrtps_c.h
-- Installing: /home/yezi/ros2/chapt4/chapt4_ws/install/example_ros_interfaces/include/example_ros_interfaces/example_ros_interfaces/msg/detail/robot_status__rosidl_typesupport_fastrtps_c.h
-- Installing: /home/yezi/ros2/chapt4/chapt4_ws/install/example_ros_interfaces/lib/libexample_ros_interfaces__rosidl_typesupport_fastrtps_c.so
-- Set non-toolchain portion of runtime path of "/home/yezi/ros2/chapt4/chapt4_ws/install/example_ros_interfaces/lib/libexample_ros_interfaces__rosidl_typesupport_fastrtps_c.so" to ""
-- Up-to-date: /home/yezi/ros2/chapt4/chapt4_ws/install/example_ros_interfaces/include/example_ros_interfaces/example_ros_interfaces
-- Up-to-date: /home/yezi/ros2/chapt4/chapt4_ws/install/example_ros_interfaces/include/example_ros_interfaces/example_ros_interfaces/srv
-- Up-to-date: /home/yezi/ros2/chapt4/chapt4_ws/install/example_ros_interfaces/include/example_ros_interfaces/example_ros_interfaces/srv/detail
-- Installing: /home/yezi/ros2/chapt4/chapt4_ws/install/example_ros_interfaces/include/example_ros_interfaces/example_ros_interfaces/srv/detail/move_robot__rosidl_typesupport_introspection_c.h
-- Installing: /home/yezi/ros2/chapt4/chapt4_ws/install/example_ros_interfaces/include/example_ros_interfaces/example_ros_interfaces/srv/detail/move_robot__type_support.c
-- Up-to-date: /home/yezi/ros2/chapt4/chapt4_ws/install/example_ros_interfaces/include/example_ros_interfaces/example_ros_interfaces/msg
-- Up-to-date: /home/yezi/ros2/chapt4/chapt4_ws/install/example_ros_interfaces/include/example_ros_interfaces/example_ros_interfaces/msg/detail
-- Installing: /home/yezi/ros2/chapt4/chapt4_ws/install/example_ros_interfaces/include/example_ros_interfaces/example_ros_interfaces/msg/detail/robot_status__type_support.c
-- Installing: /home/yezi/ros2/chapt4/chapt4_ws/install/example_ros_interfaces/include/example_ros_interfaces/example_ros_interfaces/msg/detail/robot_status__rosidl_typesupport_introspection_c.h
-- Installing: /home/yezi/ros2/chapt4/chapt4_ws/install/example_ros_interfaces/include/example_ros_interfaces/example_ros_interfaces/msg/detail/robot_pose__rosidl_typesupport_introspection_c.h
-- Installing: /home/yezi/ros2/chapt4/chapt4_ws/install/example_ros_interfaces/include/example_ros_interfaces/example_ros_interfaces/msg/detail/robot_pose__type_support.c
-- Installing: /home/yezi/ros2/chapt4/chapt4_ws/install/example_ros_interfaces/include/example_ros_interfaces/example_ros_interfaces/msg/rosidl_typesupport_introspection_c__visibility_control.h
-- Installing: /home/yezi/ros2/chapt4/chapt4_ws/install/example_ros_interfaces/lib/libexample_ros_interfaces__rosidl_typesupport_introspection_c.so
-- Set non-toolchain portion of runtime path of "/home/yezi/ros2/chapt4/chapt4_ws/install/example_ros_interfaces/lib/libexample_ros_interfaces__rosidl_typesupport_introspection_c.so" to ""
-- Installing: /home/yezi/ros2/chapt4/chapt4_ws/install/example_ros_interfaces/lib/libexample_ros_interfaces__rosidl_typesupport_c.so
-- Set non-toolchain portion of runtime path of "/home/yezi/ros2/chapt4/chapt4_ws/install/example_ros_interfaces/lib/libexample_ros_interfaces__rosidl_typesupport_c.so" to ""
-- Up-to-date: /home/yezi/ros2/chapt4/chapt4_ws/install/example_ros_interfaces/include/example_ros_interfaces/example_ros_interfaces
-- Up-to-date: /home/yezi/ros2/chapt4/chapt4_ws/install/example_ros_interfaces/include/example_ros_interfaces/example_ros_interfaces/srv
-- Installing: /home/yezi/ros2/chapt4/chapt4_ws/install/example_ros_interfaces/include/example_ros_interfaces/example_ros_interfaces/srv/move_robot.hpp
-- Up-to-date: /home/yezi/ros2/chapt4/chapt4_ws/install/example_ros_interfaces/include/example_ros_interfaces/example_ros_interfaces/srv/detail
-- Installing: /home/yezi/ros2/chapt4/chapt4_ws/install/example_ros_interfaces/include/example_ros_interfaces/example_ros_interfaces/srv/detail/move_robot__type_support.hpp
-- Installing: /home/yezi/ros2/chapt4/chapt4_ws/install/example_ros_interfaces/include/example_ros_interfaces/example_ros_interfaces/srv/detail/move_robot__struct.hpp
-- Installing: /home/yezi/ros2/chapt4/chapt4_ws/install/example_ros_interfaces/include/example_ros_interfaces/example_ros_interfaces/srv/detail/move_robot__builder.hpp
-- Installing: /home/yezi/ros2/chapt4/chapt4_ws/install/example_ros_interfaces/include/example_ros_interfaces/example_ros_interfaces/srv/detail/move_robot__traits.hpp
-- Up-to-date: /home/yezi/ros2/chapt4/chapt4_ws/install/example_ros_interfaces/include/example_ros_interfaces/example_ros_interfaces/msg
-- Installing: /home/yezi/ros2/chapt4/chapt4_ws/install/example_ros_interfaces/include/example_ros_interfaces/example_ros_interfaces/msg/robot_pose.hpp
-- Installing: /home/yezi/ros2/chapt4/chapt4_ws/install/example_ros_interfaces/include/example_ros_interfaces/example_ros_interfaces/msg/robot_status.hpp
-- Installing: /home/yezi/ros2/chapt4/chapt4_ws/install/example_ros_interfaces/include/example_ros_interfaces/example_ros_interfaces/msg/rosidl_generator_cpp__visibility_control.hpp
-- Up-to-date: /home/yezi/ros2/chapt4/chapt4_ws/install/example_ros_interfaces/include/example_ros_interfaces/example_ros_interfaces/msg/detail
-- Installing: /home/yezi/ros2/chapt4/chapt4_ws/install/example_ros_interfaces/include/example_ros_interfaces/example_ros_interfaces/msg/detail/robot_pose__struct.hpp
-- Installing: /home/yezi/ros2/chapt4/chapt4_ws/install/example_ros_interfaces/include/example_ros_interfaces/example_ros_interfaces/msg/detail/robot_pose__type_support.hpp
-- Installing: /home/yezi/ros2/chapt4/chapt4_ws/install/example_ros_interfaces/include/example_ros_interfaces/example_ros_interfaces/msg/detail/robot_pose__builder.hpp
-- Installing: /home/yezi/ros2/chapt4/chapt4_ws/install/example_ros_interfaces/include/example_ros_interfaces/example_ros_interfaces/msg/detail/robot_status__traits.hpp
-- Installing: /home/yezi/ros2/chapt4/chapt4_ws/install/example_ros_interfaces/include/example_ros_interfaces/example_ros_interfaces/msg/detail/robot_pose__traits.hpp
-- Installing: /home/yezi/ros2/chapt4/chapt4_ws/install/example_ros_interfaces/include/example_ros_interfaces/example_ros_interfaces/msg/detail/robot_status__builder.hpp
-- Installing: /home/yezi/ros2/chapt4/chapt4_ws/install/example_ros_interfaces/include/example_ros_interfaces/example_ros_interfaces/msg/detail/robot_status__type_support.hpp
-- Installing: /home/yezi/ros2/chapt4/chapt4_ws/install/example_ros_interfaces/include/example_ros_interfaces/example_ros_interfaces/msg/detail/robot_status__struct.hpp
-- Up-to-date: /home/yezi/ros2/chapt4/chapt4_ws/install/example_ros_interfaces/include/example_ros_interfaces/example_ros_interfaces
-- Up-to-date: /home/yezi/ros2/chapt4/chapt4_ws/install/example_ros_interfaces/include/example_ros_interfaces/example_ros_interfaces/srv
-- Up-to-date: /home/yezi/ros2/chapt4/chapt4_ws/install/example_ros_interfaces/include/example_ros_interfaces/example_ros_interfaces/srv/detail
-- Installing: /home/yezi/ros2/chapt4/chapt4_ws/install/example_ros_interfaces/include/example_ros_interfaces/example_ros_interfaces/srv/detail/move_robot__rosidl_typesupport_fastrtps_cpp.hpp
-- Installing: /home/yezi/ros2/chapt4/chapt4_ws/install/example_ros_interfaces/include/example_ros_interfaces/example_ros_interfaces/srv/detail/dds_fastrtps
-- Up-to-date: /home/yezi/ros2/chapt4/chapt4_ws/install/example_ros_interfaces/include/example_ros_interfaces/example_ros_interfaces/msg
-- Installing: /home/yezi/ros2/chapt4/chapt4_ws/install/example_ros_interfaces/include/example_ros_interfaces/example_ros_interfaces/msg/rosidl_typesupport_fastrtps_cpp__visibility_control.h
-- Up-to-date: /home/yezi/ros2/chapt4/chapt4_ws/install/example_ros_interfaces/include/example_ros_interfaces/example_ros_interfaces/msg/detail
-- Installing: /home/yezi/ros2/chapt4/chapt4_ws/install/example_ros_interfaces/include/example_ros_interfaces/example_ros_interfaces/msg/detail/robot_status__rosidl_typesupport_fastrtps_cpp.hpp
-- Installing: /home/yezi/ros2/chapt4/chapt4_ws/install/example_ros_interfaces/include/example_ros_interfaces/example_ros_interfaces/msg/detail/dds_fastrtps
-- Installing: /home/yezi/ros2/chapt4/chapt4_ws/install/example_ros_interfaces/include/example_ros_interfaces/example_ros_interfaces/msg/detail/robot_pose__rosidl_typesupport_fastrtps_cpp.hpp
-- Installing: /home/yezi/ros2/chapt4/chapt4_ws/install/example_ros_interfaces/lib/libexample_ros_interfaces__rosidl_typesupport_fastrtps_cpp.so
-- Set non-toolchain portion of runtime path of "/home/yezi/ros2/chapt4/chapt4_ws/install/example_ros_interfaces/lib/libexample_ros_interfaces__rosidl_typesupport_fastrtps_cpp.so" to ""
-- Up-to-date: /home/yezi/ros2/chapt4/chapt4_ws/install/example_ros_interfaces/include/example_ros_interfaces/example_ros_interfaces
-- Up-to-date: /home/yezi/ros2/chapt4/chapt4_ws/install/example_ros_interfaces/include/example_ros_interfaces/example_ros_interfaces/srv
-- Up-to-date: /home/yezi/ros2/chapt4/chapt4_ws/install/example_ros_interfaces/include/example_ros_interfaces/example_ros_interfaces/srv/detail
-- Installing: /home/yezi/ros2/chapt4/chapt4_ws/install/example_ros_interfaces/include/example_ros_interfaces/example_ros_interfaces/srv/detail/move_robot__type_support.cpp
-- Installing: /home/yezi/ros2/chapt4/chapt4_ws/install/example_ros_interfaces/include/example_ros_interfaces/example_ros_interfaces/srv/detail/move_robot__rosidl_typesupport_introspection_cpp.hpp
-- Up-to-date: /home/yezi/ros2/chapt4/chapt4_ws/install/example_ros_interfaces/include/example_ros_interfaces/example_ros_interfaces/msg
-- Up-to-date: /home/yezi/ros2/chapt4/chapt4_ws/install/example_ros_interfaces/include/example_ros_interfaces/example_ros_interfaces/msg/detail
-- Installing: /home/yezi/ros2/chapt4/chapt4_ws/install/example_ros_interfaces/include/example_ros_interfaces/example_ros_interfaces/msg/detail/robot_pose__type_support.cpp
-- Installing: /home/yezi/ros2/chapt4/chapt4_ws/install/example_ros_interfaces/include/example_ros_interfaces/example_ros_interfaces/msg/detail/robot_status__type_support.cpp
-- Installing: /home/yezi/ros2/chapt4/chapt4_ws/install/example_ros_interfaces/include/example_ros_interfaces/example_ros_interfaces/msg/detail/robot_status__rosidl_typesupport_introspection_cpp.hpp
-- Installing: /home/yezi/ros2/chapt4/chapt4_ws/install/example_ros_interfaces/include/example_ros_interfaces/example_ros_interfaces/msg/detail/robot_pose__rosidl_typesupport_introspection_cpp.hpp
-- Installing: /home/yezi/ros2/chapt4/chapt4_ws/install/example_ros_interfaces/lib/libexample_ros_interfaces__rosidl_typesupport_introspection_cpp.so
-- Set non-toolchain portion of runtime path of "/home/yezi/ros2/chapt4/chapt4_ws/install/example_ros_interfaces/lib/libexample_ros_interfaces__rosidl_typesupport_introspection_cpp.so" to ""
-- Installing: /home/yezi/ros2/chapt4/chapt4_ws/install/example_ros_interfaces/lib/libexample_ros_interfaces__rosidl_typesupport_cpp.so
-- Set non-toolchain portion of runtime path of "/home/yezi/ros2/chapt4/chapt4_ws/install/example_ros_interfaces/lib/libexample_ros_interfaces__rosidl_typesupport_cpp.so" to ""
-- Installing: /home/yezi/ros2/chapt4/chapt4_ws/install/example_ros_interfaces/share/example_ros_interfaces/environment/pythonpath.sh
-- Installing: /home/yezi/ros2/chapt4/chapt4_ws/install/example_ros_interfaces/share/example_ros_interfaces/environment/pythonpath.dsv
-- Installing: /home/yezi/ros2/chapt4/chapt4_ws/install/example_ros_interfaces/local/lib/python3.10/dist-packages/example_ros_interfaces-0.0.0-py3.10.egg-info
-- Installing: /home/yezi/ros2/chapt4/chapt4_ws/install/example_ros_interfaces/local/lib/python3.10/dist-packages/example_ros_interfaces-0.0.0-py3.10.egg-info/PKG-INFO
-- Installing: /home/yezi/ros2/chapt4/chapt4_ws/install/example_ros_interfaces/local/lib/python3.10/dist-packages/example_ros_interfaces-0.0.0-py3.10.egg-info/SOURCES.txt
-- Installing: /home/yezi/ros2/chapt4/chapt4_ws/install/example_ros_interfaces/local/lib/python3.10/dist-packages/example_ros_interfaces-0.0.0-py3.10.egg-info/top_level.txt
-- Installing: /home/yezi/ros2/chapt4/chapt4_ws/install/example_ros_interfaces/local/lib/python3.10/dist-packages/example_ros_interfaces-0.0.0-py3.10.egg-info/dependency_links.txt
-- Installing: /home/yezi/ros2/chapt4/chapt4_ws/install/example_ros_interfaces/local/lib/python3.10/dist-packages/example_ros_interfaces
-- Installing: /home/yezi/ros2/chapt4/chapt4_ws/install/example_ros_interfaces/local/lib/python3.10/dist-packages/example_ros_interfaces/_example_ros_interfaces_s.ep.rosidl_typesupport_introspection_c.c
-- Installing: /home/yezi/ros2/chapt4/chapt4_ws/install/example_ros_interfaces/local/lib/python3.10/dist-packages/example_ros_interfaces/libexample_ros_interfaces__rosidl_generator_py.so
-- Installing: /home/yezi/ros2/chapt4/chapt4_ws/install/example_ros_interfaces/local/lib/python3.10/dist-packages/example_ros_interfaces/example_ros_interfaces_s__rosidl_typesupport_introspection_c.cpython-310-x86_64-linux-gnu.so
-- Installing: /home/yezi/ros2/chapt4/chapt4_ws/install/example_ros_interfaces/local/lib/python3.10/dist-packages/example_ros_interfaces/example_ros_interfaces_s__rosidl_typesupport_c.cpython-310-x86_64-linux-gnu.so
-- Installing: /home/yezi/ros2/chapt4/chapt4_ws/install/example_ros_interfaces/local/lib/python3.10/dist-packages/example_ros_interfaces/__init__.py
-- Installing: /home/yezi/ros2/chapt4/chapt4_ws/install/example_ros_interfaces/local/lib/python3.10/dist-packages/example_ros_interfaces/example_ros_interfaces_s__rosidl_typesupport_fastrtps_c.cpython-310-x86_64-linux-gnu.so
-- Installing: /home/yezi/ros2/chapt4/chapt4_ws/install/example_ros_interfaces/local/lib/python3.10/dist-packages/example_ros_interfaces/srv
-- Installing: /home/yezi/ros2/chapt4/chapt4_ws/install/example_ros_interfaces/local/lib/python3.10/dist-packages/example_ros_interfaces/srv/__init__.py
-- Installing: /home/yezi/ros2/chapt4/chapt4_ws/install/example_ros_interfaces/local/lib/python3.10/dist-packages/example_ros_interfaces/srv/_move_robot_s.c
-- Installing: /home/yezi/ros2/chapt4/chapt4_ws/install/example_ros_interfaces/local/lib/python3.10/dist-packages/example_ros_interfaces/srv/_move_robot.py
-- Installing: /home/yezi/ros2/chapt4/chapt4_ws/install/example_ros_interfaces/local/lib/python3.10/dist-packages/example_ros_interfaces/_example_ros_interfaces_s.ep.rosidl_typesupport_fastrtps_c.c
-- Installing: /home/yezi/ros2/chapt4/chapt4_ws/install/example_ros_interfaces/local/lib/python3.10/dist-packages/example_ros_interfaces/msg
-- Installing: /home/yezi/ros2/chapt4/chapt4_ws/install/example_ros_interfaces/local/lib/python3.10/dist-packages/example_ros_interfaces/msg/_robot_status_s.c
-- Installing: /home/yezi/ros2/chapt4/chapt4_ws/install/example_ros_interfaces/local/lib/python3.10/dist-packages/example_ros_interfaces/msg/__init__.py
-- Installing: /home/yezi/ros2/chapt4/chapt4_ws/install/example_ros_interfaces/local/lib/python3.10/dist-packages/example_ros_interfaces/msg/_robot_pose_s.c
-- Installing: /home/yezi/ros2/chapt4/chapt4_ws/install/example_ros_interfaces/local/lib/python3.10/dist-packages/example_ros_interfaces/msg/_robot_pose.py
-- Installing: /home/yezi/ros2/chapt4/chapt4_ws/install/example_ros_interfaces/local/lib/python3.10/dist-packages/example_ros_interfaces/msg/_robot_status.py
-- Installing: /home/yezi/ros2/chapt4/chapt4_ws/install/example_ros_interfaces/local/lib/python3.10/dist-packages/example_ros_interfaces/_example_ros_interfaces_s.ep.rosidl_typesupport_c.c
Listing '/home/yezi/ros2/chapt4/chapt4_ws/install/example_ros_interfaces/local/lib/python3.10/dist-packages/example_ros_interfaces'...
Compiling '/home/yezi/ros2/chapt4/chapt4_ws/install/example_ros_interfaces/local/lib/python3.10/dist-packages/example_ros_interfaces/__init__.py'...
Listing '/home/yezi/ros2/chapt4/chapt4_ws/install/example_ros_interfaces/local/lib/python3.10/dist-packages/example_ros_interfaces/msg'...
Compiling '/home/yezi/ros2/chapt4/chapt4_ws/install/example_ros_interfaces/local/lib/python3.10/dist-packages/example_ros_interfaces/msg/__init__.py'...
Compiling '/home/yezi/ros2/chapt4/chapt4_ws/install/example_ros_interfaces/local/lib/python3.10/dist-packages/example_ros_interfaces/msg/_robot_pose.py'...
Compiling '/home/yezi/ros2/chapt4/chapt4_ws/install/example_ros_interfaces/local/lib/python3.10/dist-packages/example_ros_interfaces/msg/_robot_status.py'...
Listing '/home/yezi/ros2/chapt4/chapt4_ws/install/example_ros_interfaces/local/lib/python3.10/dist-packages/example_ros_interfaces/srv'...
Compiling '/home/yezi/ros2/chapt4/chapt4_ws/install/example_ros_interfaces/local/lib/python3.10/dist-packages/example_ros_interfaces/srv/__init__.py'...
Compiling '/home/yezi/ros2/chapt4/chapt4_ws/install/example_ros_interfaces/local/lib/python3.10/dist-packages/example_ros_interfaces/srv/_move_robot.py'...
-- Installing: /home/yezi/ros2/chapt4/chapt4_ws/install/example_ros_interfaces/local/lib/python3.10/dist-packages/example_ros_interfaces/example_ros_interfaces_s__rosidl_typesupport_fastrtps_c.cpython-310-x86_64-linux-gnu.so
-- Set non-toolchain portion of runtime path of "/home/yezi/ros2/chapt4/chapt4_ws/install/example_ros_interfaces/local/lib/python3.10/dist-packages/example_ros_interfaces/example_ros_interfaces_s__rosidl_typesupport_fastrtps_c.cpython-310-x86_64-linux-gnu.so" to ""
-- Installing: /home/yezi/ros2/chapt4/chapt4_ws/install/example_ros_interfaces/local/lib/python3.10/dist-packages/example_ros_interfaces/example_ros_interfaces_s__rosidl_typesupport_introspection_c.cpython-310-x86_64-linux-gnu.so
-- Set non-toolchain portion of runtime path of "/home/yezi/ros2/chapt4/chapt4_ws/install/example_ros_interfaces/local/lib/python3.10/dist-packages/example_ros_interfaces/example_ros_interfaces_s__rosidl_typesupport_introspection_c.cpython-310-x86_64-linux-gnu.so" to ""
-- Installing: /home/yezi/ros2/chapt4/chapt4_ws/install/example_ros_interfaces/local/lib/python3.10/dist-packages/example_ros_interfaces/example_ros_interfaces_s__rosidl_typesupport_c.cpython-310-x86_64-linux-gnu.so
-- Set non-toolchain portion of runtime path of "/home/yezi/ros2/chapt4/chapt4_ws/install/example_ros_interfaces/local/lib/python3.10/dist-packages/example_ros_interfaces/example_ros_interfaces_s__rosidl_typesupport_c.cpython-310-x86_64-linux-gnu.so" to ""
-- Installing: /home/yezi/ros2/chapt4/chapt4_ws/install/example_ros_interfaces/lib/libexample_ros_interfaces__rosidl_generator_py.so
-- Set non-toolchain portion of runtime path of "/home/yezi/ros2/chapt4/chapt4_ws/install/example_ros_interfaces/lib/libexample_ros_interfaces__rosidl_generator_py.so" to ""
-- Installing: /home/yezi/ros2/chapt4/chapt4_ws/install/example_ros_interfaces/share/ament_index/resource_index/rust_packages/example_ros_interfaces
-- Installing: /home/yezi/ros2/chapt4/chapt4_ws/install/example_ros_interfaces/share/example_ros_interfaces/rust
-- Installing: /home/yezi/ros2/chapt4/chapt4_ws/install/example_ros_interfaces/share/example_ros_interfaces/rust/Cargo.toml
-- Installing: /home/yezi/ros2/chapt4/chapt4_ws/install/example_ros_interfaces/share/example_ros_interfaces/rust/src
-- Installing: /home/yezi/ros2/chapt4/chapt4_ws/install/example_ros_interfaces/share/example_ros_interfaces/rust/src/srv.rs
-- Installing: /home/yezi/ros2/chapt4/chapt4_ws/install/example_ros_interfaces/share/example_ros_interfaces/rust/src/lib.rs
-- Installing: /home/yezi/ros2/chapt4/chapt4_ws/install/example_ros_interfaces/share/example_ros_interfaces/rust/src/msg.rs
-- Installing: /home/yezi/ros2/chapt4/chapt4_ws/install/example_ros_interfaces/share/example_ros_interfaces/rust/src/srv
-- Installing: /home/yezi/ros2/chapt4/chapt4_ws/install/example_ros_interfaces/share/example_ros_interfaces/rust/src/srv/rmw.rs
-- Installing: /home/yezi/ros2/chapt4/chapt4_ws/install/example_ros_interfaces/share/example_ros_interfaces/rust/src/msg
-- Installing: /home/yezi/ros2/chapt4/chapt4_ws/install/example_ros_interfaces/share/example_ros_interfaces/rust/src/msg/rmw.rs
-- Installing: /home/yezi/ros2/chapt4/chapt4_ws/install/example_ros_interfaces/share/example_ros_interfaces/rust/build.rs
-- Installing: /home/yezi/ros2/chapt4/chapt4_ws/install/example_ros_interfaces/share/example_ros_interfaces/msg/RobotPose.idl
-- Installing: /home/yezi/ros2/chapt4/chapt4_ws/install/example_ros_interfaces/share/example_ros_interfaces/msg/RobotStatus.idl
-- Installing: /home/yezi/ros2/chapt4/chapt4_ws/install/example_ros_interfaces/share/example_ros_interfaces/srv/MoveRobot.idl
-- Installing: /home/yezi/ros2/chapt4/chapt4_ws/install/example_ros_interfaces/share/example_ros_interfaces/msg/RobotPose.msg
-- Installing: /home/yezi/ros2/chapt4/chapt4_ws/install/example_ros_interfaces/share/example_ros_interfaces/msg/RobotStatus.msg
-- Installing: /home/yezi/ros2/chapt4/chapt4_ws/install/example_ros_interfaces/share/example_ros_interfaces/srv/MoveRobot.srv
-- Installing: /home/yezi/ros2/chapt4/chapt4_ws/install/example_ros_interfaces/share/example_ros_interfaces/srv/MoveRobot_Request.msg
-- Installing: /home/yezi/ros2/chapt4/chapt4_ws/install/example_ros_interfaces/share/example_ros_interfaces/srv/MoveRobot_Response.msg
-- Installing: /home/yezi/ros2/chapt4/chapt4_ws/install/example_ros_interfaces/share/ament_index/resource_index/package_run_dependencies/example_ros_interfaces
-- Installing: /home/yezi/ros2/chapt4/chapt4_ws/install/example_ros_interfaces/share/ament_index/resource_index/parent_prefix_path/example_ros_interfaces
-- Installing: /home/yezi/ros2/chapt4/chapt4_ws/install/example_ros_interfaces/share/example_ros_interfaces/environment/ament_prefix_path.sh
-- Installing: /home/yezi/ros2/chapt4/chapt4_ws/install/example_ros_interfaces/share/example_ros_interfaces/environment/ament_prefix_path.dsv
-- Installing: /home/yezi/ros2/chapt4/chapt4_ws/install/example_ros_interfaces/share/example_ros_interfaces/environment/path.sh
-- Installing: /home/yezi/ros2/chapt4/chapt4_ws/install/example_ros_interfaces/share/example_ros_interfaces/environment/path.dsv
-- Installing: /home/yezi/ros2/chapt4/chapt4_ws/install/example_ros_interfaces/share/example_ros_interfaces/local_setup.bash
-- Installing: /home/yezi/ros2/chapt4/chapt4_ws/install/example_ros_interfaces/share/example_ros_interfaces/local_setup.sh
-- Installing: /home/yezi/ros2/chapt4/chapt4_ws/install/example_ros_interfaces/share/example_ros_interfaces/local_setup.zsh
-- Installing: /home/yezi/ros2/chapt4/chapt4_ws/install/example_ros_interfaces/share/example_ros_interfaces/local_setup.dsv
-- Installing: /home/yezi/ros2/chapt4/chapt4_ws/install/example_ros_interfaces/share/example_ros_interfaces/package.dsv
-- Installing: /home/yezi/ros2/chapt4/chapt4_ws/install/example_ros_interfaces/share/ament_index/resource_index/packages/example_ros_interfaces
-- Installing: /home/yezi/ros2/chapt4/chapt4_ws/install/example_ros_interfaces/share/example_ros_interfaces/cmake/export_example_ros_interfaces__rosidl_generator_cExport.cmake
-- Installing: /home/yezi/ros2/chapt4/chapt4_ws/install/example_ros_interfaces/share/example_ros_interfaces/cmake/export_example_ros_interfaces__rosidl_generator_cExport-noconfig.cmake
-- Installing: /home/yezi/ros2/chapt4/chapt4_ws/install/example_ros_interfaces/share/example_ros_interfaces/cmake/export_example_ros_interfaces__rosidl_typesupport_fastrtps_cExport.cmake
-- Installing: /home/yezi/ros2/chapt4/chapt4_ws/install/example_ros_interfaces/share/example_ros_interfaces/cmake/export_example_ros_interfaces__rosidl_typesupport_fastrtps_cExport-noconfig.cmake
-- Installing: /home/yezi/ros2/chapt4/chapt4_ws/install/example_ros_interfaces/share/example_ros_interfaces/cmake/example_ros_interfaces__rosidl_typesupport_introspection_cExport.cmake
-- Installing: /home/yezi/ros2/chapt4/chapt4_ws/install/example_ros_interfaces/share/example_ros_interfaces/cmake/example_ros_interfaces__rosidl_typesupport_introspection_cExport-noconfig.cmake
-- Installing: /home/yezi/ros2/chapt4/chapt4_ws/install/example_ros_interfaces/share/example_ros_interfaces/cmake/example_ros_interfaces__rosidl_typesupport_cExport.cmake
-- Installing: /home/yezi/ros2/chapt4/chapt4_ws/install/example_ros_interfaces/share/example_ros_interfaces/cmake/example_ros_interfaces__rosidl_typesupport_cExport-noconfig.cmake
-- Installing: /home/yezi/ros2/chapt4/chapt4_ws/install/example_ros_interfaces/share/example_ros_interfaces/cmake/export_example_ros_interfaces__rosidl_generator_cppExport.cmake
-- Installing: /home/yezi/ros2/chapt4/chapt4_ws/install/example_ros_interfaces/share/example_ros_interfaces/cmake/export_example_ros_interfaces__rosidl_typesupport_fastrtps_cppExport.cmake
-- Installing: /home/yezi/ros2/chapt4/chapt4_ws/install/example_ros_interfaces/share/example_ros_interfaces/cmake/export_example_ros_interfaces__rosidl_typesupport_fastrtps_cppExport-noconfig.cmake
-- Installing: /home/yezi/ros2/chapt4/chapt4_ws/install/example_ros_interfaces/share/example_ros_interfaces/cmake/example_ros_interfaces__rosidl_typesupport_introspection_cppExport.cmake
-- Installing: /home/yezi/ros2/chapt4/chapt4_ws/install/example_ros_interfaces/share/example_ros_interfaces/cmake/example_ros_interfaces__rosidl_typesupport_introspection_cppExport-noconfig.cmake
-- Installing: /home/yezi/ros2/chapt4/chapt4_ws/install/example_ros_interfaces/share/example_ros_interfaces/cmake/example_ros_interfaces__rosidl_typesupport_cppExport.cmake
-- Installing: /home/yezi/ros2/chapt4/chapt4_ws/install/example_ros_interfaces/share/example_ros_interfaces/cmake/example_ros_interfaces__rosidl_typesupport_cppExport-noconfig.cmake
-- Installing: /home/yezi/ros2/chapt4/chapt4_ws/install/example_ros_interfaces/share/example_ros_interfaces/cmake/export_example_ros_interfaces__rosidl_generator_pyExport.cmake
-- Installing: /home/yezi/ros2/chapt4/chapt4_ws/install/example_ros_interfaces/share/example_ros_interfaces/cmake/export_example_ros_interfaces__rosidl_generator_pyExport-noconfig.cmake
-- Installing: /home/yezi/ros2/chapt4/chapt4_ws/install/example_ros_interfaces/share/example_ros_interfaces/cmake/rosidl_cmake-extras.cmake
-- Installing: /home/yezi/ros2/chapt4/chapt4_ws/install/example_ros_interfaces/share/example_ros_interfaces/cmake/ament_cmake_export_dependencies-extras.cmake
-- Installing: /home/yezi/ros2/chapt4/chapt4_ws/install/example_ros_interfaces/share/example_ros_interfaces/cmake/ament_cmake_export_include_directories-extras.cmake
-- Installing: /home/yezi/ros2/chapt4/chapt4_ws/install/example_ros_interfaces/share/example_ros_interfaces/cmake/ament_cmake_export_libraries-extras.cmake
-- Installing: /home/yezi/ros2/chapt4/chapt4_ws/install/example_ros_interfaces/share/example_ros_interfaces/cmake/ament_cmake_export_targets-extras.cmake
-- Installing: /home/yezi/ros2/chapt4/chapt4_ws/install/example_ros_interfaces/share/example_ros_interfaces/cmake/rosidl_cmake_export_typesupport_targets-extras.cmake
-- Installing: /home/yezi/ros2/chapt4/chapt4_ws/install/example_ros_interfaces/share/example_ros_interfaces/cmake/rosidl_cmake_export_typesupport_libraries-extras.cmake
-- Installing: /home/yezi/ros2/chapt4/chapt4_ws/install/example_ros_interfaces/share/example_ros_interfaces/cmake/example_ros_interfacesConfig.cmake
-- Installing: /home/yezi/ros2/chapt4/chapt4_ws/install/example_ros_interfaces/share/example_ros_interfaces/cmake/example_ros_interfacesConfig-version.cmake
-- Installing: /home/yezi/ros2/chapt4/chapt4_ws/install/example_ros_interfaces/share/example_ros_interfaces/package.xml
