running egg_info
creating ../../build/example_interfaces_rclpy/example_interfaces_rclpy.egg-info
writing ../../build/example_interfaces_rclpy/example_interfaces_rclpy.egg-info/PKG-INFO
writing dependency_links to ../../build/example_interfaces_rclpy/example_interfaces_rclpy.egg-info/dependency_links.txt
writing entry points to ../../build/example_interfaces_rclpy/example_interfaces_rclpy.egg-info/entry_points.txt
writing requirements to ../../build/example_interfaces_rclpy/example_interfaces_rclpy.egg-info/requires.txt
writing top-level names to ../../build/example_interfaces_rclpy/example_interfaces_rclpy.egg-info/top_level.txt
writing manifest file '../../build/example_interfaces_rclpy/example_interfaces_rclpy.egg-info/SOURCES.txt'
reading manifest file '../../build/example_interfaces_rclpy/example_interfaces_rclpy.egg-info/SOURCES.txt'
writing manifest file '../../build/example_interfaces_rclpy/example_interfaces_rclpy.egg-info/SOURCES.txt'
running build
running build_py
creating /home/yezi/ros2/chapt4/chapt4_ws/build/example_interfaces_rclpy/build
creating /home/yezi/ros2/chapt4/chapt4_ws/build/example_interfaces_rclpy/build/lib
creating /home/yezi/ros2/chapt4/chapt4_ws/build/example_interfaces_rclpy/build/lib/example_interfaces_rclpy
copying example_interfaces_rclpy/example_interfaces_control_02.py -> /home/yezi/ros2/chapt4/chapt4_ws/build/example_interfaces_rclpy/build/lib/example_interfaces_rclpy
copying example_interfaces_rclpy/__init__.py -> /home/yezi/ros2/chapt4/chapt4_ws/build/example_interfaces_rclpy/build/lib/example_interfaces_rclpy
copying example_interfaces_rclpy/example_interfaces_robot_02.py -> /home/yezi/ros2/chapt4/chapt4_ws/build/example_interfaces_rclpy/build/lib/example_interfaces_rclpy
running install
running install_lib
creating /home/yezi/ros2/chapt4/chapt4_ws/install/example_interfaces_rclpy/lib/python3.10/site-packages/example_interfaces_rclpy
copying /home/yezi/ros2/chapt4/chapt4_ws/build/example_interfaces_rclpy/build/lib/example_interfaces_rclpy/example_interfaces_control_02.py -> /home/yezi/ros2/chapt4/chapt4_ws/install/example_interfaces_rclpy/lib/python3.10/site-packages/example_interfaces_rclpy
copying /home/yezi/ros2/chapt4/chapt4_ws/build/example_interfaces_rclpy/build/lib/example_interfaces_rclpy/__init__.py -> /home/yezi/ros2/chapt4/chapt4_ws/install/example_interfaces_rclpy/lib/python3.10/site-packages/example_interfaces_rclpy
copying /home/yezi/ros2/chapt4/chapt4_ws/build/example_interfaces_rclpy/build/lib/example_interfaces_rclpy/example_interfaces_robot_02.py -> /home/yezi/ros2/chapt4/chapt4_ws/install/example_interfaces_rclpy/lib/python3.10/site-packages/example_interfaces_rclpy
byte-compiling /home/yezi/ros2/chapt4/chapt4_ws/install/example_interfaces_rclpy/lib/python3.10/site-packages/example_interfaces_rclpy/example_interfaces_control_02.py to example_interfaces_control_02.cpython-310.pyc
byte-compiling /home/yezi/ros2/chapt4/chapt4_ws/install/example_interfaces_rclpy/lib/python3.10/site-packages/example_interfaces_rclpy/__init__.py to __init__.cpython-310.pyc
byte-compiling /home/yezi/ros2/chapt4/chapt4_ws/install/example_interfaces_rclpy/lib/python3.10/site-packages/example_interfaces_rclpy/example_interfaces_robot_02.py to example_interfaces_robot_02.cpython-310.pyc
running install_data
creating /home/yezi/ros2/chapt4/chapt4_ws/install/example_interfaces_rclpy/share/ament_index
creating /home/yezi/ros2/chapt4/chapt4_ws/install/example_interfaces_rclpy/share/ament_index/resource_index
creating /home/yezi/ros2/chapt4/chapt4_ws/install/example_interfaces_rclpy/share/ament_index/resource_index/packages
copying resource/example_interfaces_rclpy -> /home/yezi/ros2/chapt4/chapt4_ws/install/example_interfaces_rclpy/share/ament_index/resource_index/packages
copying package.xml -> /home/yezi/ros2/chapt4/chapt4_ws/install/example_interfaces_rclpy/share/example_interfaces_rclpy
running install_egg_info
Copying ../../build/example_interfaces_rclpy/example_interfaces_rclpy.egg-info to /home/yezi/ros2/chapt4/chapt4_ws/install/example_interfaces_rclpy/lib/python3.10/site-packages/example_interfaces_rclpy-0.0.0-py3.10.egg-info
running install_scripts
Installing example_interfaces_control_02 script to /home/yezi/ros2/chapt4/chapt4_ws/install/example_interfaces_rclpy/lib/example_interfaces_rclpy
Installing example_interfaces_robot_02 script to /home/yezi/ros2/chapt4/chapt4_ws/install/example_interfaces_rclpy/lib/example_interfaces_rclpy
writing list of installed files to '/home/yezi/ros2/chapt4/chapt4_ws/build/example_interfaces_rclpy/install.log'
