[0.423s] Invoking command in '/home/yezi/ros2/chapt4/chapt4_ws/src/example_interfaces_rclpy': PYTHONPATH=/home/yezi/ros2/chapt4/chapt4_ws/build/example_interfaces_rclpy/prefix_override:/usr/lib/python3/dist-packages/colcon_core/task/python/colcon_distutils_commands:/home/yezi/ros2/chapt4/chapt4_ws/install/example_interfaces_rclpy/lib/python3.10/site-packages:${PYTHONPATH} /usr/bin/python3 -W ignore:setup.py install is deprecated -W ignore:easy_install command is deprecated setup.py egg_info --egg-base ../../build/example_interfaces_rclpy build --build-base /home/yezi/ros2/chapt4/chapt4_ws/build/example_interfaces_rclpy/build install --record /home/yezi/ros2/chapt4/chapt4_ws/build/example_interfaces_rclpy/install.log --install-scripts $base/lib/example_interfaces_rclpy --single-version-externally-managed install_data
[0.593s] running egg_info
[0.593s] creating ../../build/example_interfaces_rclpy/example_interfaces_rclpy.egg-info
[0.594s] writing ../../build/example_interfaces_rclpy/example_interfaces_rclpy.egg-info/PKG-INFO
[0.594s] writing dependency_links to ../../build/example_interfaces_rclpy/example_interfaces_rclpy.egg-info/dependency_links.txt
[0.594s] writing entry points to ../../build/example_interfaces_rclpy/example_interfaces_rclpy.egg-info/entry_points.txt
[0.594s] writing requirements to ../../build/example_interfaces_rclpy/example_interfaces_rclpy.egg-info/requires.txt
[0.594s] writing top-level names to ../../build/example_interfaces_rclpy/example_interfaces_rclpy.egg-info/top_level.txt
[0.594s] writing manifest file '../../build/example_interfaces_rclpy/example_interfaces_rclpy.egg-info/SOURCES.txt'
[0.595s] reading manifest file '../../build/example_interfaces_rclpy/example_interfaces_rclpy.egg-info/SOURCES.txt'
[0.596s] writing manifest file '../../build/example_interfaces_rclpy/example_interfaces_rclpy.egg-info/SOURCES.txt'
[0.596s] running build
[0.596s] running build_py
[0.596s] creating /home/yezi/ros2/chapt4/chapt4_ws/build/example_interfaces_rclpy/build
[0.596s] creating /home/yezi/ros2/chapt4/chapt4_ws/build/example_interfaces_rclpy/build/lib
[0.596s] creating /home/yezi/ros2/chapt4/chapt4_ws/build/example_interfaces_rclpy/build/lib/example_interfaces_rclpy
[0.597s] copying example_interfaces_rclpy/example_interfaces_control_02.py -> /home/yezi/ros2/chapt4/chapt4_ws/build/example_interfaces_rclpy/build/lib/example_interfaces_rclpy
[0.597s] copying example_interfaces_rclpy/__init__.py -> /home/yezi/ros2/chapt4/chapt4_ws/build/example_interfaces_rclpy/build/lib/example_interfaces_rclpy
[0.597s] copying example_interfaces_rclpy/example_interfaces_robot_02.py -> /home/yezi/ros2/chapt4/chapt4_ws/build/example_interfaces_rclpy/build/lib/example_interfaces_rclpy
[0.597s] running install
[0.597s] running install_lib
[0.597s] creating /home/yezi/ros2/chapt4/chapt4_ws/install/example_interfaces_rclpy/lib/python3.10/site-packages/example_interfaces_rclpy
[0.597s] copying /home/yezi/ros2/chapt4/chapt4_ws/build/example_interfaces_rclpy/build/lib/example_interfaces_rclpy/example_interfaces_control_02.py -> /home/yezi/ros2/chapt4/chapt4_ws/install/example_interfaces_rclpy/lib/python3.10/site-packages/example_interfaces_rclpy
[0.597s] copying /home/yezi/ros2/chapt4/chapt4_ws/build/example_interfaces_rclpy/build/lib/example_interfaces_rclpy/__init__.py -> /home/yezi/ros2/chapt4/chapt4_ws/install/example_interfaces_rclpy/lib/python3.10/site-packages/example_interfaces_rclpy
[0.598s] copying /home/yezi/ros2/chapt4/chapt4_ws/build/example_interfaces_rclpy/build/lib/example_interfaces_rclpy/example_interfaces_robot_02.py -> /home/yezi/ros2/chapt4/chapt4_ws/install/example_interfaces_rclpy/lib/python3.10/site-packages/example_interfaces_rclpy
[0.598s] byte-compiling /home/yezi/ros2/chapt4/chapt4_ws/install/example_interfaces_rclpy/lib/python3.10/site-packages/example_interfaces_rclpy/example_interfaces_control_02.py to example_interfaces_control_02.cpython-310.pyc
[0.598s] byte-compiling /home/yezi/ros2/chapt4/chapt4_ws/install/example_interfaces_rclpy/lib/python3.10/site-packages/example_interfaces_rclpy/__init__.py to __init__.cpython-310.pyc
[0.598s] byte-compiling /home/yezi/ros2/chapt4/chapt4_ws/install/example_interfaces_rclpy/lib/python3.10/site-packages/example_interfaces_rclpy/example_interfaces_robot_02.py to example_interfaces_robot_02.cpython-310.pyc
[0.598s] running install_data
[0.599s] creating /home/yezi/ros2/chapt4/chapt4_ws/install/example_interfaces_rclpy/share/ament_index
[0.599s] creating /home/yezi/ros2/chapt4/chapt4_ws/install/example_interfaces_rclpy/share/ament_index/resource_index
[0.599s] creating /home/yezi/ros2/chapt4/chapt4_ws/install/example_interfaces_rclpy/share/ament_index/resource_index/packages
[0.599s] copying resource/example_interfaces_rclpy -> /home/yezi/ros2/chapt4/chapt4_ws/install/example_interfaces_rclpy/share/ament_index/resource_index/packages
[0.599s] copying package.xml -> /home/yezi/ros2/chapt4/chapt4_ws/install/example_interfaces_rclpy/share/example_interfaces_rclpy
[0.599s] running install_egg_info
[0.600s] Copying ../../build/example_interfaces_rclpy/example_interfaces_rclpy.egg-info to /home/yezi/ros2/chapt4/chapt4_ws/install/example_interfaces_rclpy/lib/python3.10/site-packages/example_interfaces_rclpy-0.0.0-py3.10.egg-info
[0.600s] running install_scripts
[0.613s] Installing example_interfaces_control_02 script to /home/yezi/ros2/chapt4/chapt4_ws/install/example_interfaces_rclpy/lib/example_interfaces_rclpy
[0.613s] Installing example_interfaces_robot_02 script to /home/yezi/ros2/chapt4/chapt4_ws/install/example_interfaces_rclpy/lib/example_interfaces_rclpy
[0.613s] writing list of installed files to '/home/yezi/ros2/chapt4/chapt4_ws/build/example_interfaces_rclpy/install.log'
[0.631s] Invoked command in '/home/yezi/ros2/chapt4/chapt4_ws/src/example_interfaces_rclpy' returned '0': PYTHONPATH=/home/yezi/ros2/chapt4/chapt4_ws/build/example_interfaces_rclpy/prefix_override:/usr/lib/python3/dist-packages/colcon_core/task/python/colcon_distutils_commands:/home/yezi/ros2/chapt4/chapt4_ws/install/example_interfaces_rclpy/lib/python3.10/site-packages:${PYTHONPATH} /usr/bin/python3 -W ignore:setup.py install is deprecated -W ignore:easy_install command is deprecated setup.py egg_info --egg-base ../../build/example_interfaces_rclpy build --build-base /home/yezi/ros2/chapt4/chapt4_ws/build/example_interfaces_rclpy/build install --record /home/yezi/ros2/chapt4/chapt4_ws/build/example_interfaces_rclpy/install.log --install-scripts $base/lib/example_interfaces_rclpy --single-version-externally-managed install_data
