[0.068s] [34mcolcon[0m [1;30mDEBUG[0m [32mCommand line arguments: ['/usr/bin/colcon', 'build'][0m
[0.068s] [34mcolcon[0m [1;30mDEBUG[0m [32mParsed command line arguments: Namespace(log_base=None, log_level=None, verb_name='build', build_base='build', install_base='install', merge_install=False, symlink_install=False, test_result_base=None, continue_on_error=False, executor='parallel', parallel_workers=8, event_handlers=None, ignore_user_meta=False, metas=['./colcon.meta'], base_paths=['.'], packages_ignore=None, packages_ignore_regex=None, paths=None, packages_up_to=None, packages_up_to_regex=None, packages_above=None, packages_above_and_dependencies=None, packages_above_depth=None, packages_select_by_dep=None, packages_skip_by_dep=None, packages_skip_up_to=None, packages_select_build_failed=False, packages_skip_build_finished=False, packages_select_test_failures=False, packages_skip_test_passed=False, packages_select=None, packages_skip=None, packages_select_regex=None, packages_skip_regex=None, packages_start=None, packages_end=None, allow_overriding=[], cmake_args=None, cmake_target=None, cmake_target_skip_unavailable=False, cmake_clean_cache=False, cmake_clean_first=False, cmake_force_configure=False, ament_cmake_args=None, catkin_cmake_args=None, catkin_skip_building_tests=False, verb_parser=<colcon_defaults.argument_parser.defaults.DefaultArgumentsDecorator object at 0x7d257a6fece0>, verb_extension=<colcon_core.verb.build.BuildVerb object at 0x7d257a6fe770>, main=<bound method BuildVerb.main of <colcon_core.verb.build.BuildVerb object at 0x7d257a6fe770>>)[0m
[0.192s] [34mcolcon.colcon_core.package_discovery[0m [1;30mLevel 1[0m discover_packages(colcon_meta) check parameters
[0.192s] [34mcolcon.colcon_core.package_discovery[0m [1;30mLevel 1[0m discover_packages(recursive) check parameters
[0.192s] [34mcolcon.colcon_core.package_discovery[0m [1;30mLevel 1[0m discover_packages(ignore) check parameters
[0.192s] [34mcolcon.colcon_core.package_discovery[0m [1;30mLevel 1[0m discover_packages(path) check parameters
[0.192s] [34mcolcon.colcon_core.package_discovery[0m [1;30mLevel 1[0m discover_packages(colcon_meta) discover
[0.192s] [34mcolcon.colcon_core.package_discovery[0m [1;30mLevel 1[0m discover_packages(recursive) discover
[0.192s] [34mcolcon.colcon_core.package_discovery[0m [1;30mINFO[0m Crawling recursively for packages in '/home/yezi/ros2/chapt4/chapt4_ws'
[0.192s] [34mcolcon.colcon_core.package_identification[0m [1;30mLevel 1[0m _identify(.) by extensions ['ignore', 'ignore_ament_install']
[0.192s] [34mcolcon.colcon_core.package_identification[0m [1;30mLevel 1[0m _identify(.) by extension 'ignore'
[0.192s] [34mcolcon.colcon_core.package_identification[0m [1;30mLevel 1[0m _identify(.) by extension 'ignore_ament_install'
[0.192s] [34mcolcon.colcon_core.package_identification[0m [1;30mLevel 1[0m _identify(.) by extensions ['colcon_pkg']
[0.192s] [34mcolcon.colcon_core.package_identification[0m [1;30mLevel 1[0m _identify(.) by extension 'colcon_pkg'
[0.192s] [34mcolcon.colcon_core.package_identification[0m [1;30mLevel 1[0m _identify(.) by extensions ['colcon_meta']
[0.192s] [34mcolcon.colcon_core.package_identification[0m [1;30mLevel 1[0m _identify(.) by extension 'colcon_meta'
[0.192s] [34mcolcon.colcon_core.package_identification[0m [1;30mLevel 1[0m _identify(.) by extensions ['ros']
[0.192s] [34mcolcon.colcon_core.package_identification[0m [1;30mLevel 1[0m _identify(.) by extension 'ros'
[0.212s] [34mcolcon.colcon_core.package_identification[0m [1;30mLevel 1[0m _identify(.) by extensions ['cmake', 'python']
[0.212s] [34mcolcon.colcon_core.package_identification[0m [1;30mLevel 1[0m _identify(.) by extension 'cmake'
[0.212s] [34mcolcon.colcon_core.package_identification[0m [1;30mLevel 1[0m _identify(.) by extension 'python'
[0.212s] [34mcolcon.colcon_core.package_identification[0m [1;30mLevel 1[0m _identify(.) by extensions ['python_setup_py']
[0.212s] [34mcolcon.colcon_core.package_identification[0m [1;30mLevel 1[0m _identify(.) by extension 'python_setup_py'
[0.213s] [34mcolcon.colcon_core.package_identification[0m [1;30mLevel 1[0m _identify(build) by extensions ['ignore', 'ignore_ament_install']
[0.213s] [34mcolcon.colcon_core.package_identification[0m [1;30mLevel 1[0m _identify(build) by extension 'ignore'
[0.213s] [34mcolcon.colcon_core.package_identification[0m [1;30mLevel 1[0m _identify(build) ignored
[0.213s] [34mcolcon.colcon_core.package_identification[0m [1;30mLevel 1[0m _identify(example_ros_interfaces) by extensions ['ignore', 'ignore_ament_install']
[0.213s] [34mcolcon.colcon_core.package_identification[0m [1;30mLevel 1[0m _identify(example_ros_interfaces) by extension 'ignore'
[0.213s] [34mcolcon.colcon_core.package_identification[0m [1;30mLevel 1[0m _identify(example_ros_interfaces) by extension 'ignore_ament_install'
[0.213s] [34mcolcon.colcon_core.package_identification[0m [1;30mLevel 1[0m _identify(example_ros_interfaces) by extensions ['colcon_pkg']
[0.213s] [34mcolcon.colcon_core.package_identification[0m [1;30mLevel 1[0m _identify(example_ros_interfaces) by extension 'colcon_pkg'
[0.213s] [34mcolcon.colcon_core.package_identification[0m [1;30mLevel 1[0m _identify(example_ros_interfaces) by extensions ['colcon_meta']
[0.213s] [34mcolcon.colcon_core.package_identification[0m [1;30mLevel 1[0m _identify(example_ros_interfaces) by extension 'colcon_meta'
[0.213s] [34mcolcon.colcon_core.package_identification[0m [1;30mLevel 1[0m _identify(example_ros_interfaces) by extensions ['ros']
[0.213s] [34mcolcon.colcon_core.package_identification[0m [1;30mLevel 1[0m _identify(example_ros_interfaces) by extension 'ros'
[0.214s] [34mcolcon.colcon_core.package_identification[0m [1;30mDEBUG[0m [32mPackage 'example_ros_interfaces' with type 'ros.ament_cmake' and name 'example_ros_interfaces'[0m
[0.214s] [34mcolcon.colcon_core.package_identification[0m [1;30mLevel 1[0m _identify(install) by extensions ['ignore', 'ignore_ament_install']
[0.214s] [34mcolcon.colcon_core.package_identification[0m [1;30mLevel 1[0m _identify(install) by extension 'ignore'
[0.215s] [34mcolcon.colcon_core.package_identification[0m [1;30mLevel 1[0m _identify(install) ignored
[0.215s] [34mcolcon.colcon_core.package_identification[0m [1;30mLevel 1[0m _identify(log) by extensions ['ignore', 'ignore_ament_install']
[0.215s] [34mcolcon.colcon_core.package_identification[0m [1;30mLevel 1[0m _identify(log) by extension 'ignore'
[0.215s] [34mcolcon.colcon_core.package_identification[0m [1;30mLevel 1[0m _identify(log) ignored
[0.215s] [34mcolcon.colcon_core.package_identification[0m [1;30mLevel 1[0m _identify(src) by extensions ['ignore', 'ignore_ament_install']
[0.215s] [34mcolcon.colcon_core.package_identification[0m [1;30mLevel 1[0m _identify(src) by extension 'ignore'
[0.215s] [34mcolcon.colcon_core.package_identification[0m [1;30mLevel 1[0m _identify(src) by extension 'ignore_ament_install'
[0.215s] [34mcolcon.colcon_core.package_identification[0m [1;30mLevel 1[0m _identify(src) by extensions ['colcon_pkg']
[0.215s] [34mcolcon.colcon_core.package_identification[0m [1;30mLevel 1[0m _identify(src) by extension 'colcon_pkg'
[0.215s] [34mcolcon.colcon_core.package_identification[0m [1;30mLevel 1[0m _identify(src) by extensions ['colcon_meta']
[0.215s] [34mcolcon.colcon_core.package_identification[0m [1;30mLevel 1[0m _identify(src) by extension 'colcon_meta'
[0.215s] [34mcolcon.colcon_core.package_identification[0m [1;30mLevel 1[0m _identify(src) by extensions ['ros']
[0.215s] [34mcolcon.colcon_core.package_identification[0m [1;30mLevel 1[0m _identify(src) by extension 'ros'
[0.215s] [34mcolcon.colcon_core.package_identification[0m [1;30mLevel 1[0m _identify(src) by extensions ['cmake', 'python']
[0.215s] [34mcolcon.colcon_core.package_identification[0m [1;30mLevel 1[0m _identify(src) by extension 'cmake'
[0.215s] [34mcolcon.colcon_core.package_identification[0m [1;30mLevel 1[0m _identify(src) by extension 'python'
[0.215s] [34mcolcon.colcon_core.package_identification[0m [1;30mLevel 1[0m _identify(src) by extensions ['python_setup_py']
[0.215s] [34mcolcon.colcon_core.package_identification[0m [1;30mLevel 1[0m _identify(src) by extension 'python_setup_py'
[0.215s] [34mcolcon.colcon_core.package_identification[0m [1;30mLevel 1[0m _identify(src/example_interfaces_rclpy) by extensions ['ignore', 'ignore_ament_install']
[0.215s] [34mcolcon.colcon_core.package_identification[0m [1;30mLevel 1[0m _identify(src/example_interfaces_rclpy) by extension 'ignore'
[0.215s] [34mcolcon.colcon_core.package_identification[0m [1;30mLevel 1[0m _identify(src/example_interfaces_rclpy) by extension 'ignore_ament_install'
[0.215s] [34mcolcon.colcon_core.package_identification[0m [1;30mLevel 1[0m _identify(src/example_interfaces_rclpy) by extensions ['colcon_pkg']
[0.215s] [34mcolcon.colcon_core.package_identification[0m [1;30mLevel 1[0m _identify(src/example_interfaces_rclpy) by extension 'colcon_pkg'
[0.215s] [34mcolcon.colcon_core.package_identification[0m [1;30mLevel 1[0m _identify(src/example_interfaces_rclpy) by extensions ['colcon_meta']
[0.215s] [34mcolcon.colcon_core.package_identification[0m [1;30mLevel 1[0m _identify(src/example_interfaces_rclpy) by extension 'colcon_meta'
[0.215s] [34mcolcon.colcon_core.package_identification[0m [1;30mLevel 1[0m _identify(src/example_interfaces_rclpy) by extensions ['ros']
[0.215s] [34mcolcon.colcon_core.package_identification[0m [1;30mLevel 1[0m _identify(src/example_interfaces_rclpy) by extension 'ros'
[0.216s] [34mcolcon.colcon_core.package_identification[0m [1;30mDEBUG[0m [32mPackage 'src/example_interfaces_rclpy' with type 'ros.ament_python' and name 'example_interfaces_rclpy'[0m
[0.216s] [34mcolcon.colcon_core.package_discovery[0m [1;30mLevel 1[0m discover_packages(recursive) using defaults
[0.216s] [34mcolcon.colcon_core.package_discovery[0m [1;30mLevel 1[0m discover_packages(ignore) discover
[0.216s] [34mcolcon.colcon_core.package_discovery[0m [1;30mLevel 1[0m discover_packages(ignore) using defaults
[0.216s] [34mcolcon.colcon_core.package_discovery[0m [1;30mLevel 1[0m discover_packages(path) discover
[0.216s] [34mcolcon.colcon_core.package_discovery[0m [1;30mLevel 1[0m discover_packages(path) using defaults
[0.227s] [34mcolcon.colcon_core.package_discovery[0m [1;30mLevel 1[0m discover_packages(prefix_path) check parameters
[0.227s] [34mcolcon.colcon_core.package_discovery[0m [1;30mLevel 1[0m discover_packages(prefix_path) discover
[0.227s] [34mcolcon.colcon_ros.prefix_path.ament[0m [1;30mWARNING[0m [33mThe path '/home/yezi/ros2/chapt4/chapt4_ws/install/example_ros_interfaces' in the environment variable AMENT_PREFIX_PATH doesn't exist[0m
[0.227s] [34mcolcon.colcon_ros.prefix_path.ament[0m [1;30mWARNING[0m [33mThe path '/home/yezi/ros2/chapt4/chapt4_ws/install/example_interfaces_rclpy' in the environment variable AMENT_PREFIX_PATH doesn't exist[0m
[0.227s] [34mcolcon.colcon_ros.prefix_path.catkin[0m [1;30mWARNING[0m [33mThe path '/home/yezi/ros2/chapt4/chapt4_ws/install/example_ros_interfaces' in the environment variable CMAKE_PREFIX_PATH doesn't exist[0m
[0.228s] [34mcolcon.colcon_installed_package_information.package_discovery[0m [1;30mDEBUG[0m [32mFound 0 installed packages in /home/yezi/ros2/chapt4/chapt4_ws/install[0m
[0.229s] [34mcolcon.colcon_installed_package_information.package_discovery[0m [1;30mDEBUG[0m [32mFound 286 installed packages in /opt/ros/humble[0m
[0.230s] [34mcolcon.colcon_core.package_discovery[0m [1;30mLevel 1[0m discover_packages(prefix_path) using defaults
[0.258s] [34mcolcon.colcon_core.verb[0m [1;30mLevel 5[0m set package 'example_interfaces_rclpy' build argument 'cmake_args' from command line to 'None'
[0.258s] [34mcolcon.colcon_core.verb[0m [1;30mLevel 5[0m set package 'example_interfaces_rclpy' build argument 'cmake_target' from command line to 'None'
[0.258s] [34mcolcon.colcon_core.verb[0m [1;30mLevel 5[0m set package 'example_interfaces_rclpy' build argument 'cmake_target_skip_unavailable' from command line to 'False'
[0.258s] [34mcolcon.colcon_core.verb[0m [1;30mLevel 5[0m set package 'example_interfaces_rclpy' build argument 'cmake_clean_cache' from command line to 'False'
[0.258s] [34mcolcon.colcon_core.verb[0m [1;30mLevel 5[0m set package 'example_interfaces_rclpy' build argument 'cmake_clean_first' from command line to 'False'
[0.258s] [34mcolcon.colcon_core.verb[0m [1;30mLevel 5[0m set package 'example_interfaces_rclpy' build argument 'cmake_force_configure' from command line to 'False'
[0.258s] [34mcolcon.colcon_core.verb[0m [1;30mLevel 5[0m set package 'example_interfaces_rclpy' build argument 'ament_cmake_args' from command line to 'None'
[0.258s] [34mcolcon.colcon_core.verb[0m [1;30mLevel 5[0m set package 'example_interfaces_rclpy' build argument 'catkin_cmake_args' from command line to 'None'
[0.258s] [34mcolcon.colcon_core.verb[0m [1;30mLevel 5[0m set package 'example_interfaces_rclpy' build argument 'catkin_skip_building_tests' from command line to 'False'
[0.258s] [34mcolcon.colcon_core.verb[0m [1;30mDEBUG[0m [32mBuilding package 'example_interfaces_rclpy' with the following arguments: {'ament_cmake_args': None, 'build_base': '/home/yezi/ros2/chapt4/chapt4_ws/build/example_interfaces_rclpy', 'catkin_cmake_args': None, 'catkin_skip_building_tests': False, 'cmake_args': None, 'cmake_clean_cache': False, 'cmake_clean_first': False, 'cmake_force_configure': False, 'cmake_target': None, 'cmake_target_skip_unavailable': False, 'install_base': '/home/yezi/ros2/chapt4/chapt4_ws/install/example_interfaces_rclpy', 'merge_install': False, 'path': '/home/yezi/ros2/chapt4/chapt4_ws/src/example_interfaces_rclpy', 'symlink_install': False, 'test_result_base': None}[0m
[0.259s] [34mcolcon.colcon_core.verb[0m [1;30mLevel 5[0m set package 'example_ros_interfaces' build argument 'cmake_args' from command line to 'None'
[0.259s] [34mcolcon.colcon_core.verb[0m [1;30mLevel 5[0m set package 'example_ros_interfaces' build argument 'cmake_target' from command line to 'None'
[0.259s] [34mcolcon.colcon_core.verb[0m [1;30mLevel 5[0m set package 'example_ros_interfaces' build argument 'cmake_target_skip_unavailable' from command line to 'False'
[0.259s] [34mcolcon.colcon_core.verb[0m [1;30mLevel 5[0m set package 'example_ros_interfaces' build argument 'cmake_clean_cache' from command line to 'False'
[0.259s] [34mcolcon.colcon_core.verb[0m [1;30mLevel 5[0m set package 'example_ros_interfaces' build argument 'cmake_clean_first' from command line to 'False'
[0.259s] [34mcolcon.colcon_core.verb[0m [1;30mLevel 5[0m set package 'example_ros_interfaces' build argument 'cmake_force_configure' from command line to 'False'
[0.259s] [34mcolcon.colcon_core.verb[0m [1;30mLevel 5[0m set package 'example_ros_interfaces' build argument 'ament_cmake_args' from command line to 'None'
[0.259s] [34mcolcon.colcon_core.verb[0m [1;30mLevel 5[0m set package 'example_ros_interfaces' build argument 'catkin_cmake_args' from command line to 'None'
[0.259s] [34mcolcon.colcon_core.verb[0m [1;30mLevel 5[0m set package 'example_ros_interfaces' build argument 'catkin_skip_building_tests' from command line to 'False'
[0.259s] [34mcolcon.colcon_core.verb[0m [1;30mDEBUG[0m [32mBuilding package 'example_ros_interfaces' with the following arguments: {'ament_cmake_args': None, 'build_base': '/home/yezi/ros2/chapt4/chapt4_ws/build/example_ros_interfaces', 'catkin_cmake_args': None, 'catkin_skip_building_tests': False, 'cmake_args': None, 'cmake_clean_cache': False, 'cmake_clean_first': False, 'cmake_force_configure': False, 'cmake_target': None, 'cmake_target_skip_unavailable': False, 'install_base': '/home/yezi/ros2/chapt4/chapt4_ws/install/example_ros_interfaces', 'merge_install': False, 'path': '/home/yezi/ros2/chapt4/chapt4_ws/example_ros_interfaces', 'symlink_install': False, 'test_result_base': None}[0m
[0.259s] [34mcolcon.colcon_core.executor[0m [1;30mINFO[0m Executing jobs using 'parallel' executor
[0.260s] [34mcolcon.colcon_parallel_executor.executor.parallel[0m [1;30mDEBUG[0m [32mrun_until_complete[0m
[0.260s] [34mcolcon.colcon_ros.task.ament_python.build[0m [1;30mINFO[0m Building ROS package in '/home/yezi/ros2/chapt4/chapt4_ws/src/example_interfaces_rclpy' with build type 'ament_python'
[0.261s] [34mcolcon.colcon_core.shell[0m [1;30mLevel 1[0m create_environment_hook('example_interfaces_rclpy', 'ament_prefix_path')
[0.262s] [34mcolcon.colcon_core.plugin_system[0m [1;30mINFO[0m Skipping extension 'colcon_core.shell.bat': Not used on non-Windows systems
[0.262s] [34mcolcon.colcon_core.shell[0m [1;30mINFO[0m Creating environment hook '/home/yezi/ros2/chapt4/chapt4_ws/install/example_interfaces_rclpy/share/example_interfaces_rclpy/hook/ament_prefix_path.ps1'
[0.263s] [34mcolcon.colcon_core.shell[0m [1;30mINFO[0m Creating environment descriptor '/home/yezi/ros2/chapt4/chapt4_ws/install/example_interfaces_rclpy/share/example_interfaces_rclpy/hook/ament_prefix_path.dsv'
[0.263s] [34mcolcon.colcon_core.shell[0m [1;30mINFO[0m Creating environment hook '/home/yezi/ros2/chapt4/chapt4_ws/install/example_interfaces_rclpy/share/example_interfaces_rclpy/hook/ament_prefix_path.sh'
[0.263s] [34mcolcon.colcon_core.shell[0m [1;30mINFO[0m Skip shell extension 'powershell' for command environment: Not usable outside of PowerShell
[0.263s] [34mcolcon.colcon_core.shell[0m [1;30mDEBUG[0m [32mSkip shell extension 'dsv' for command environment[0m
[0.267s] [34mcolcon.colcon_ros.task.ament_cmake.build[0m [1;30mINFO[0m Building ROS package in '/home/yezi/ros2/chapt4/chapt4_ws/example_ros_interfaces' with build type 'ament_cmake'
[0.267s] [34mcolcon.colcon_cmake.task.cmake.build[0m [1;30mINFO[0m Building CMake package in '/home/yezi/ros2/chapt4/chapt4_ws/example_ros_interfaces'
[0.267s] [34mcolcon.colcon_core.shell[0m [1;30mINFO[0m Skip shell extension 'powershell' for command environment: Not usable outside of PowerShell
[0.267s] [34mcolcon.colcon_core.shell[0m [1;30mDEBUG[0m [32mSkip shell extension 'dsv' for command environment[0m
[0.438s] [34mcolcon.colcon_core.task.python.build[0m [1;30mINFO[0m Building Python package in '/home/yezi/ros2/chapt4/chapt4_ws/src/example_interfaces_rclpy'
[0.438s] [34mcolcon.colcon_core.shell[0m [1;30mINFO[0m Skip shell extension 'powershell' for command environment: Not usable outside of PowerShell
[0.438s] [34mcolcon.colcon_core.shell[0m [1;30mDEBUG[0m [32mSkip shell extension 'dsv' for command environment[0m
[0.446s] [34mcolcon.colcon_core.event_handler.log_command[0m [1;30mDEBUG[0m [32mInvoking command in '/home/yezi/ros2/chapt4/chapt4_ws/build/example_ros_interfaces': CMAKE_PREFIX_PATH=${CMAKE_PREFIX_PATH}:/home/yezi/ros2/chapt4/chapt4_ws/install/example_interfaces_rclpy:/opt/ros/humble /usr/bin/cmake /home/yezi/ros2/chapt4/chapt4_ws/example_ros_interfaces -DCMAKE_INSTALL_PREFIX=/home/yezi/ros2/chapt4/chapt4_ws/install/example_ros_interfaces[0m
[0.681s] [34mcolcon.colcon_core.task.python.build[0m [1;30mDEBUG[0m [32mAvailable setuptools commands: dist_info, install_data, setopt, build_py, easy_install, check, build_scripts, install_headers, install, bdist_egg, upload, clean, saveopts, symlink_data, bdist_dumb, build_ext, develop, register, egg_info, alias, bdist_wheel, install_egg_info, build, bdist, rotate, bdist_rpm, test, install_scripts, upload_docs, sdist, install_lib, build_clib[0m
[0.684s] [34mcolcon.colcon_core.event_handler.log_command[0m [1;30mDEBUG[0m [32mInvoking command in '/home/yezi/ros2/chapt4/chapt4_ws/src/example_interfaces_rclpy': PYTHONPATH=/home/yezi/ros2/chapt4/chapt4_ws/build/example_interfaces_rclpy/prefix_override:/usr/lib/python3/dist-packages/colcon_core/task/python/colcon_distutils_commands:/home/yezi/ros2/chapt4/chapt4_ws/install/example_interfaces_rclpy/lib/python3.10/site-packages:${PYTHONPATH} /usr/bin/python3 -W ignore:setup.py install is deprecated -W ignore:easy_install command is deprecated setup.py egg_info --egg-base ../../build/example_interfaces_rclpy build --build-base /home/yezi/ros2/chapt4/chapt4_ws/build/example_interfaces_rclpy/build install --record /home/yezi/ros2/chapt4/chapt4_ws/build/example_interfaces_rclpy/install.log --install-scripts $base/lib/example_interfaces_rclpy --single-version-externally-managed install_data[0m
[0.891s] [34mcolcon.colcon_core.event_handler.log_command[0m [1;30mDEBUG[0m [32mInvoked command in '/home/yezi/ros2/chapt4/chapt4_ws/src/example_interfaces_rclpy' returned '0': PYTHONPATH=/home/yezi/ros2/chapt4/chapt4_ws/build/example_interfaces_rclpy/prefix_override:/usr/lib/python3/dist-packages/colcon_core/task/python/colcon_distutils_commands:/home/yezi/ros2/chapt4/chapt4_ws/install/example_interfaces_rclpy/lib/python3.10/site-packages:${PYTHONPATH} /usr/bin/python3 -W ignore:setup.py install is deprecated -W ignore:easy_install command is deprecated setup.py egg_info --egg-base ../../build/example_interfaces_rclpy build --build-base /home/yezi/ros2/chapt4/chapt4_ws/build/example_interfaces_rclpy/build install --record /home/yezi/ros2/chapt4/chapt4_ws/build/example_interfaces_rclpy/install.log --install-scripts $base/lib/example_interfaces_rclpy --single-version-externally-managed install_data[0m
[0.893s] [34mcolcon.colcon_core.environment[0m [1;30mLevel 1[0m checking '/home/yezi/ros2/chapt4/chapt4_ws/install/example_interfaces_rclpy' for CMake module files
[0.894s] [34mcolcon.colcon_core.environment[0m [1;30mLevel 1[0m checking '/home/yezi/ros2/chapt4/chapt4_ws/install/example_interfaces_rclpy' for CMake config files
[0.894s] [34mcolcon.colcon_core.environment[0m [1;30mLevel 1[0m checking '/home/yezi/ros2/chapt4/chapt4_ws/install/example_interfaces_rclpy/lib'
[0.894s] [34mcolcon.colcon_core.environment[0m [1;30mLevel 1[0m checking '/home/yezi/ros2/chapt4/chapt4_ws/install/example_interfaces_rclpy/bin'
[0.894s] [34mcolcon.colcon_core.environment[0m [1;30mLevel 1[0m checking '/home/yezi/ros2/chapt4/chapt4_ws/install/example_interfaces_rclpy/lib/pkgconfig/example_interfaces_rclpy.pc'
[0.894s] [34mcolcon.colcon_core.environment[0m [1;30mLevel 1[0m checking '/home/yezi/ros2/chapt4/chapt4_ws/install/example_interfaces_rclpy/lib/python3.10/site-packages'
[0.894s] [34mcolcon.colcon_core.shell[0m [1;30mLevel 1[0m create_environment_hook('example_interfaces_rclpy', 'pythonpath')
[0.894s] [34mcolcon.colcon_core.shell[0m [1;30mINFO[0m Creating environment hook '/home/yezi/ros2/chapt4/chapt4_ws/install/example_interfaces_rclpy/share/example_interfaces_rclpy/hook/pythonpath.ps1'
[0.895s] [34mcolcon.colcon_core.shell[0m [1;30mINFO[0m Creating environment descriptor '/home/yezi/ros2/chapt4/chapt4_ws/install/example_interfaces_rclpy/share/example_interfaces_rclpy/hook/pythonpath.dsv'
[0.895s] [34mcolcon.colcon_core.shell[0m [1;30mINFO[0m Creating environment hook '/home/yezi/ros2/chapt4/chapt4_ws/install/example_interfaces_rclpy/share/example_interfaces_rclpy/hook/pythonpath.sh'
[0.895s] [34mcolcon.colcon_core.environment[0m [1;30mLevel 1[0m checking '/home/yezi/ros2/chapt4/chapt4_ws/install/example_interfaces_rclpy/bin'
[0.895s] [34mcolcon.colcon_core.environment[0m [1;30mLevel 1[0m create_environment_scripts_only(example_interfaces_rclpy)
[0.895s] [34mcolcon.colcon_core.shell[0m [1;30mINFO[0m Creating package script '/home/yezi/ros2/chapt4/chapt4_ws/install/example_interfaces_rclpy/share/example_interfaces_rclpy/package.ps1'
[0.896s] [34mcolcon.colcon_core.shell[0m [1;30mINFO[0m Creating package descriptor '/home/yezi/ros2/chapt4/chapt4_ws/install/example_interfaces_rclpy/share/example_interfaces_rclpy/package.dsv'
[0.896s] [34mcolcon.colcon_core.shell[0m [1;30mINFO[0m Creating package script '/home/yezi/ros2/chapt4/chapt4_ws/install/example_interfaces_rclpy/share/example_interfaces_rclpy/package.sh'
[0.896s] [34mcolcon.colcon_core.shell[0m [1;30mINFO[0m Creating package script '/home/yezi/ros2/chapt4/chapt4_ws/install/example_interfaces_rclpy/share/example_interfaces_rclpy/package.bash'
[0.897s] [34mcolcon.colcon_core.shell[0m [1;30mINFO[0m Creating package script '/home/yezi/ros2/chapt4/chapt4_ws/install/example_interfaces_rclpy/share/example_interfaces_rclpy/package.zsh'
[0.897s] [34mcolcon.colcon_core.environment[0m [1;30mLevel 1[0m create_file_with_runtime_dependencies(/home/yezi/ros2/chapt4/chapt4_ws/install/example_interfaces_rclpy/share/colcon-core/packages/example_interfaces_rclpy)
[2.435s] [34mcolcon.colcon_core.event_handler.log_command[0m [1;30mDEBUG[0m [32mInvoked command in '/home/yezi/ros2/chapt4/chapt4_ws/build/example_ros_interfaces' returned '0': CMAKE_PREFIX_PATH=${CMAKE_PREFIX_PATH}:/home/yezi/ros2/chapt4/chapt4_ws/install/example_interfaces_rclpy:/opt/ros/humble /usr/bin/cmake /home/yezi/ros2/chapt4/chapt4_ws/example_ros_interfaces -DCMAKE_INSTALL_PREFIX=/home/yezi/ros2/chapt4/chapt4_ws/install/example_ros_interfaces[0m
[2.437s] [34mcolcon.colcon_core.event_handler.log_command[0m [1;30mDEBUG[0m [32mInvoking command in '/home/yezi/ros2/chapt4/chapt4_ws/build/example_ros_interfaces': CMAKE_PREFIX_PATH=${CMAKE_PREFIX_PATH}:/home/yezi/ros2/chapt4/chapt4_ws/install/example_interfaces_rclpy:/opt/ros/humble /usr/bin/cmake --build /home/yezi/ros2/chapt4/chapt4_ws/build/example_ros_interfaces -- -j8 -l8[0m
[3.960s] [34mcolcon.colcon_core.event_handler.log_command[0m [1;30mDEBUG[0m [32mInvoked command in '/home/yezi/ros2/chapt4/chapt4_ws/build/example_ros_interfaces' returned '0': CMAKE_PREFIX_PATH=${CMAKE_PREFIX_PATH}:/home/yezi/ros2/chapt4/chapt4_ws/install/example_interfaces_rclpy:/opt/ros/humble /usr/bin/cmake --build /home/yezi/ros2/chapt4/chapt4_ws/build/example_ros_interfaces -- -j8 -l8[0m
[3.968s] [34mcolcon.colcon_core.event_handler.log_command[0m [1;30mDEBUG[0m [32mInvoking command in '/home/yezi/ros2/chapt4/chapt4_ws/build/example_ros_interfaces': CMAKE_PREFIX_PATH=${CMAKE_PREFIX_PATH}:/home/yezi/ros2/chapt4/chapt4_ws/install/example_interfaces_rclpy:/opt/ros/humble /usr/bin/cmake --install /home/yezi/ros2/chapt4/chapt4_ws/build/example_ros_interfaces[0m
[4.020s] [34mcolcon.colcon_core.environment[0m [1;30mLevel 1[0m create_environment_scripts_only(example_ros_interfaces)
[4.020s] [34mcolcon.colcon_core.event_handler.log_command[0m [1;30mDEBUG[0m [32mInvoked command in '/home/yezi/ros2/chapt4/chapt4_ws/build/example_ros_interfaces' returned '0': CMAKE_PREFIX_PATH=${CMAKE_PREFIX_PATH}:/home/yezi/ros2/chapt4/chapt4_ws/install/example_interfaces_rclpy:/opt/ros/humble /usr/bin/cmake --install /home/yezi/ros2/chapt4/chapt4_ws/build/example_ros_interfaces[0m
[4.020s] [34mcolcon.colcon_core.environment[0m [1;30mLevel 1[0m checking '/home/yezi/ros2/chapt4/chapt4_ws/install/example_ros_interfaces' for CMake module files
[4.021s] [34mcolcon.colcon_core.environment[0m [1;30mLevel 1[0m checking '/home/yezi/ros2/chapt4/chapt4_ws/install/example_ros_interfaces' for CMake config files
[4.021s] [34mcolcon.colcon_core.shell[0m [1;30mLevel 1[0m create_environment_hook('example_ros_interfaces', 'cmake_prefix_path')
[4.021s] [34mcolcon.colcon_core.shell[0m [1;30mINFO[0m Creating environment hook '/home/yezi/ros2/chapt4/chapt4_ws/install/example_ros_interfaces/share/example_ros_interfaces/hook/cmake_prefix_path.ps1'
[4.022s] [34mcolcon.colcon_core.shell[0m [1;30mINFO[0m Creating environment descriptor '/home/yezi/ros2/chapt4/chapt4_ws/install/example_ros_interfaces/share/example_ros_interfaces/hook/cmake_prefix_path.dsv'
[4.022s] [34mcolcon.colcon_core.shell[0m [1;30mINFO[0m Creating environment hook '/home/yezi/ros2/chapt4/chapt4_ws/install/example_ros_interfaces/share/example_ros_interfaces/hook/cmake_prefix_path.sh'
[4.022s] [34mcolcon.colcon_core.environment[0m [1;30mLevel 1[0m checking '/home/yezi/ros2/chapt4/chapt4_ws/install/example_ros_interfaces/lib'
[4.022s] [34mcolcon.colcon_core.shell[0m [1;30mLevel 1[0m create_environment_hook('example_ros_interfaces', 'ld_library_path_lib')
[4.023s] [34mcolcon.colcon_core.shell[0m [1;30mINFO[0m Creating environment hook '/home/yezi/ros2/chapt4/chapt4_ws/install/example_ros_interfaces/share/example_ros_interfaces/hook/ld_library_path_lib.ps1'
[4.023s] [34mcolcon.colcon_core.shell[0m [1;30mINFO[0m Creating environment descriptor '/home/yezi/ros2/chapt4/chapt4_ws/install/example_ros_interfaces/share/example_ros_interfaces/hook/ld_library_path_lib.dsv'
[4.023s] [34mcolcon.colcon_core.shell[0m [1;30mINFO[0m Creating environment hook '/home/yezi/ros2/chapt4/chapt4_ws/install/example_ros_interfaces/share/example_ros_interfaces/hook/ld_library_path_lib.sh'
[4.023s] [34mcolcon.colcon_core.environment[0m [1;30mLevel 1[0m checking '/home/yezi/ros2/chapt4/chapt4_ws/install/example_ros_interfaces/bin'
[4.023s] [34mcolcon.colcon_core.environment[0m [1;30mLevel 1[0m checking '/home/yezi/ros2/chapt4/chapt4_ws/install/example_ros_interfaces/lib/pkgconfig/example_ros_interfaces.pc'
[4.023s] [34mcolcon.colcon_core.environment[0m [1;30mLevel 1[0m checking '/home/yezi/ros2/chapt4/chapt4_ws/install/example_ros_interfaces/lib/python3.10/site-packages'
[4.024s] [34mcolcon.colcon_core.environment[0m [1;30mLevel 1[0m checking '/home/yezi/ros2/chapt4/chapt4_ws/install/example_ros_interfaces/bin'
[4.024s] [34mcolcon.colcon_core.shell[0m [1;30mINFO[0m Creating package script '/home/yezi/ros2/chapt4/chapt4_ws/install/example_ros_interfaces/share/example_ros_interfaces/package.ps1'
[4.024s] [34mcolcon.colcon_core.shell[0m [1;30mINFO[0m Creating package descriptor '/home/yezi/ros2/chapt4/chapt4_ws/install/example_ros_interfaces/share/example_ros_interfaces/package.dsv'
[4.024s] [34mcolcon.colcon_core.shell[0m [1;30mINFO[0m Creating package script '/home/yezi/ros2/chapt4/chapt4_ws/install/example_ros_interfaces/share/example_ros_interfaces/package.sh'
[4.025s] [34mcolcon.colcon_core.shell[0m [1;30mINFO[0m Creating package script '/home/yezi/ros2/chapt4/chapt4_ws/install/example_ros_interfaces/share/example_ros_interfaces/package.bash'
[4.025s] [34mcolcon.colcon_core.shell[0m [1;30mINFO[0m Creating package script '/home/yezi/ros2/chapt4/chapt4_ws/install/example_ros_interfaces/share/example_ros_interfaces/package.zsh'
[4.025s] [34mcolcon.colcon_core.environment[0m [1;30mLevel 1[0m create_file_with_runtime_dependencies(/home/yezi/ros2/chapt4/chapt4_ws/install/example_ros_interfaces/share/colcon-core/packages/example_ros_interfaces)
[4.026s] [34mcolcon.colcon_core.environment[0m [1;30mLevel 1[0m create_environment_scripts_only(example_ros_interfaces)
[4.026s] [34mcolcon.colcon_core.environment[0m [1;30mLevel 1[0m checking '/home/yezi/ros2/chapt4/chapt4_ws/install/example_ros_interfaces' for CMake module files
[4.026s] [34mcolcon.colcon_core.environment[0m [1;30mLevel 1[0m checking '/home/yezi/ros2/chapt4/chapt4_ws/install/example_ros_interfaces' for CMake config files
[4.026s] [34mcolcon.colcon_core.shell[0m [1;30mLevel 1[0m create_environment_hook('example_ros_interfaces', 'cmake_prefix_path')
[4.027s] [34mcolcon.colcon_core.shell[0m [1;30mINFO[0m Creating environment hook '/home/yezi/ros2/chapt4/chapt4_ws/install/example_ros_interfaces/share/example_ros_interfaces/hook/cmake_prefix_path.ps1'
[4.027s] [34mcolcon.colcon_core.shell[0m [1;30mINFO[0m Creating environment descriptor '/home/yezi/ros2/chapt4/chapt4_ws/install/example_ros_interfaces/share/example_ros_interfaces/hook/cmake_prefix_path.dsv'
[4.027s] [34mcolcon.colcon_core.shell[0m [1;30mINFO[0m Creating environment hook '/home/yezi/ros2/chapt4/chapt4_ws/install/example_ros_interfaces/share/example_ros_interfaces/hook/cmake_prefix_path.sh'
[4.028s] [34mcolcon.colcon_core.environment[0m [1;30mLevel 1[0m checking '/home/yezi/ros2/chapt4/chapt4_ws/install/example_ros_interfaces/lib'
[4.028s] [34mcolcon.colcon_core.shell[0m [1;30mLevel 1[0m create_environment_hook('example_ros_interfaces', 'ld_library_path_lib')
[4.028s] [34mcolcon.colcon_core.shell[0m [1;30mINFO[0m Creating environment hook '/home/yezi/ros2/chapt4/chapt4_ws/install/example_ros_interfaces/share/example_ros_interfaces/hook/ld_library_path_lib.ps1'
[4.028s] [34mcolcon.colcon_core.shell[0m [1;30mINFO[0m Creating environment descriptor '/home/yezi/ros2/chapt4/chapt4_ws/install/example_ros_interfaces/share/example_ros_interfaces/hook/ld_library_path_lib.dsv'
[4.028s] [34mcolcon.colcon_core.shell[0m [1;30mINFO[0m Creating environment hook '/home/yezi/ros2/chapt4/chapt4_ws/install/example_ros_interfaces/share/example_ros_interfaces/hook/ld_library_path_lib.sh'
[4.029s] [34mcolcon.colcon_core.environment[0m [1;30mLevel 1[0m checking '/home/yezi/ros2/chapt4/chapt4_ws/install/example_ros_interfaces/bin'
[4.029s] [34mcolcon.colcon_core.environment[0m [1;30mLevel 1[0m checking '/home/yezi/ros2/chapt4/chapt4_ws/install/example_ros_interfaces/lib/pkgconfig/example_ros_interfaces.pc'
[4.029s] [34mcolcon.colcon_core.environment[0m [1;30mLevel 1[0m checking '/home/yezi/ros2/chapt4/chapt4_ws/install/example_ros_interfaces/lib/python3.10/site-packages'
[4.029s] [34mcolcon.colcon_core.environment[0m [1;30mLevel 1[0m checking '/home/yezi/ros2/chapt4/chapt4_ws/install/example_ros_interfaces/bin'
[4.029s] [34mcolcon.colcon_core.shell[0m [1;30mINFO[0m Creating package script '/home/yezi/ros2/chapt4/chapt4_ws/install/example_ros_interfaces/share/example_ros_interfaces/package.ps1'
[4.029s] [34mcolcon.colcon_core.shell[0m [1;30mINFO[0m Creating package descriptor '/home/yezi/ros2/chapt4/chapt4_ws/install/example_ros_interfaces/share/example_ros_interfaces/package.dsv'
[4.030s] [34mcolcon.colcon_core.shell[0m [1;30mINFO[0m Creating package script '/home/yezi/ros2/chapt4/chapt4_ws/install/example_ros_interfaces/share/example_ros_interfaces/package.sh'
[4.030s] [34mcolcon.colcon_core.shell[0m [1;30mINFO[0m Creating package script '/home/yezi/ros2/chapt4/chapt4_ws/install/example_ros_interfaces/share/example_ros_interfaces/package.bash'
[4.030s] [34mcolcon.colcon_core.shell[0m [1;30mINFO[0m Creating package script '/home/yezi/ros2/chapt4/chapt4_ws/install/example_ros_interfaces/share/example_ros_interfaces/package.zsh'
[4.031s] [34mcolcon.colcon_core.environment[0m [1;30mLevel 1[0m create_file_with_runtime_dependencies(/home/yezi/ros2/chapt4/chapt4_ws/install/example_ros_interfaces/share/colcon-core/packages/example_ros_interfaces)
[4.031s] [34mcolcon.colcon_parallel_executor.executor.parallel[0m [1;30mDEBUG[0m [32mclosing loop[0m
[4.031s] [34mcolcon.colcon_parallel_executor.executor.parallel[0m [1;30mDEBUG[0m [32mloop closed[0m
[4.031s] [34mcolcon.colcon_parallel_executor.executor.parallel[0m [1;30mDEBUG[0m [32mrun_until_complete finished with '0'[0m
[4.032s] [34mcolcon.colcon_core.event_reactor[0m [1;30mDEBUG[0m [32mjoining thread[0m
[4.035s] [34mcolcon.colcon_core.plugin_system[0m [1;30mINFO[0m Skipping extension 'colcon_notification.desktop_notification.terminal_notifier': Not used on non-Darwin systems
[4.035s] [34mcolcon.colcon_core.plugin_system[0m [1;30mINFO[0m Skipping extension 'colcon_notification.desktop_notification.win32': Not used on non-Windows systems
[4.035s] [34mcolcon.colcon_notification.desktop_notification[0m [1;30mINFO[0m Sending desktop notification using 'notify2'
[4.065s] [34mcolcon.colcon_core.event_reactor[0m [1;30mDEBUG[0m [32mjoined thread[0m
[4.066s] [34mcolcon.colcon_core.shell[0m [1;30mINFO[0m Creating prefix script '/home/yezi/ros2/chapt4/chapt4_ws/install/local_setup.ps1'
[4.066s] [34mcolcon.colcon_core.shell[0m [1;30mINFO[0m Creating prefix util module '/home/yezi/ros2/chapt4/chapt4_ws/install/_local_setup_util_ps1.py'
[4.067s] [34mcolcon.colcon_core.shell[0m [1;30mINFO[0m Creating prefix chain script '/home/yezi/ros2/chapt4/chapt4_ws/install/setup.ps1'
[4.068s] [34mcolcon.colcon_core.shell[0m [1;30mINFO[0m Creating prefix script '/home/yezi/ros2/chapt4/chapt4_ws/install/local_setup.sh'
[4.068s] [34mcolcon.colcon_core.shell[0m [1;30mINFO[0m Creating prefix util module '/home/yezi/ros2/chapt4/chapt4_ws/install/_local_setup_util_sh.py'
[4.068s] [34mcolcon.colcon_core.shell[0m [1;30mINFO[0m Creating prefix chain script '/home/yezi/ros2/chapt4/chapt4_ws/install/setup.sh'
[4.069s] [34mcolcon.colcon_core.shell[0m [1;30mINFO[0m Creating prefix script '/home/yezi/ros2/chapt4/chapt4_ws/install/local_setup.bash'
[4.069s] [34mcolcon.colcon_core.shell[0m [1;30mINFO[0m Creating prefix chain script '/home/yezi/ros2/chapt4/chapt4_ws/install/setup.bash'
[4.070s] [34mcolcon.colcon_core.shell[0m [1;30mINFO[0m Creating prefix script '/home/yezi/ros2/chapt4/chapt4_ws/install/local_setup.zsh'
[4.070s] [34mcolcon.colcon_core.shell[0m [1;30mINFO[0m Creating prefix chain script '/home/yezi/ros2/chapt4/chapt4_ws/install/setup.zsh'
